Archive member included because of file (symbol)

c:/altera/13.1/nios2eds/bin/gnu/h-i686-mingw32/bin/../lib/gcc/nios2-elf/4.7.3/mno-hw-mul\libgcc.a(_mul_df.o)
                              obj/default/consumer.o (__muldf3)
c:/altera/13.1/nios2eds/bin/gnu/h-i686-mingw32/bin/../lib/gcc/nios2-elf/4.7.3/mno-hw-mul\libgcc.a(_div_df.o)
                              obj/default/consumer.o (__divdf3)
c:/altera/13.1/nios2eds/bin/gnu/h-i686-mingw32/bin/../lib/gcc/nios2-elf/4.7.3/mno-hw-mul\libgcc.a(_thenan_df.o)
                              c:/altera/13.1/nios2eds/bin/gnu/h-i686-mingw32/bin/../lib/gcc/nios2-elf/4.7.3/mno-hw-mul\libgcc.a(_mul_df.o) (__thenan_df)
c:/altera/13.1/nios2eds/bin/gnu/h-i686-mingw32/bin/../lib/gcc/nios2-elf/4.7.3/mno-hw-mul\libgcc.a(_usi_to_df.o)
                              obj/default/consumer.o (__floatunsidf)
c:/altera/13.1/nios2eds/bin/gnu/h-i686-mingw32/bin/../lib/gcc/nios2-elf/4.7.3/mno-hw-mul\libgcc.a(_muldi3.o)
                              c:/altera/13.1/nios2eds/bin/gnu/h-i686-mingw32/bin/../lib/gcc/nios2-elf/4.7.3/mno-hw-mul\libgcc.a(_mul_df.o) (__muldi3)
c:/altera/13.1/nios2eds/bin/gnu/h-i686-mingw32/bin/../lib/gcc/nios2-elf/4.7.3/mno-hw-mul\libgcc.a(_clzsi2.o)
                              c:/altera/13.1/nios2eds/bin/gnu/h-i686-mingw32/bin/../lib/gcc/nios2-elf/4.7.3/mno-hw-mul\libgcc.a(_usi_to_df.o) (__clzsi2)
c:/altera/13.1/nios2eds/bin/gnu/h-i686-mingw32/bin/../lib/gcc/nios2-elf/4.7.3/mno-hw-mul\libgcc.a(_pack_df.o)
                              c:/altera/13.1/nios2eds/bin/gnu/h-i686-mingw32/bin/../lib/gcc/nios2-elf/4.7.3/mno-hw-mul\libgcc.a(_mul_df.o) (__pack_d)
c:/altera/13.1/nios2eds/bin/gnu/h-i686-mingw32/bin/../lib/gcc/nios2-elf/4.7.3/mno-hw-mul\libgcc.a(_unpack_df.o)
                              c:/altera/13.1/nios2eds/bin/gnu/h-i686-mingw32/bin/../lib/gcc/nios2-elf/4.7.3/mno-hw-mul\libgcc.a(_mul_df.o) (__unpack_d)
c:/altera/13.1/nios2eds/bin/gnu/h-i686-mingw32/bin/../lib/gcc/nios2-elf/4.7.3/mno-hw-mul\libgcc.a(lib2-mul.o)
                              c:/altera/13.1/nios2eds/bin/gnu/h-i686-mingw32/bin/../lib/gcc/nios2-elf/4.7.3/mno-hw-mul\libgcc.a(_muldi3.o) (__mulsi3)
c:/altera/13.1/nios2eds/bin/gnu/h-i686-mingw32/bin/../lib/gcc/nios2-elf/4.7.3/mno-hw-mul\libgcc.a(_lshrdi3.o)
                              c:/altera/13.1/nios2eds/bin/gnu/h-i686-mingw32/bin/../lib/gcc/nios2-elf/4.7.3/mno-hw-mul\libgcc.a(_pack_df.o) (__lshrdi3)
c:/altera/13.1/nios2eds/bin/gnu/h-i686-mingw32/bin/../lib/gcc/nios2-elf/4.7.3/mno-hw-mul\libgcc.a(_ashldi3.o)
                              c:/altera/13.1/nios2eds/bin/gnu/h-i686-mingw32/bin/../lib/gcc/nios2-elf/4.7.3/mno-hw-mul\libgcc.a(_pack_df.o) (__ashldi3)
c:/altera/13.1/nios2eds/bin/gnu/h-i686-mingw32/bin/../lib/gcc/nios2-elf/4.7.3/mno-hw-mul\libgcc.a(_clz.o)
                              c:/altera/13.1/nios2eds/bin/gnu/h-i686-mingw32/bin/../lib/gcc/nios2-elf/4.7.3/mno-hw-mul\libgcc.a(_clzsi2.o) (__clz_tab)
c:/altera/13.1/nios2eds/bin/gnu/h-i686-mingw32/bin/../lib/gcc/nios2-elf/4.7.3/../../../../../H-i686-mingw32/nios2-elf/lib/mno-hw-mul\libc.a(lib_a-exit.o)
                              obj/default/consumer.o (exit)
c:/altera/13.1/nios2eds/bin/gnu/h-i686-mingw32/bin/../lib/gcc/nios2-elf/4.7.3/../../../../../H-i686-mingw32/nios2-elf/lib/mno-hw-mul\libc.a(lib_a-impure.o)
                              c:/altera/13.1/nios2eds/bin/gnu/h-i686-mingw32/bin/../lib/gcc/nios2-elf/4.7.3/../../../../../H-i686-mingw32/nios2-elf/lib/mno-hw-mul\libc.a(lib_a-exit.o) (_global_impure_ptr)
c:/altera/13.1/nios2eds/bin/gnu/h-i686-mingw32/bin/../lib/gcc/nios2-elf/4.7.3/../../../../../H-i686-mingw32/nios2-elf/lib/mno-hw-mul\libc.a(lib_a-printf.o)
                              obj/default/consumer.o (printf)
c:/altera/13.1/nios2eds/bin/gnu/h-i686-mingw32/bin/../lib/gcc/nios2-elf/4.7.3/../../../../../H-i686-mingw32/nios2-elf/lib/mno-hw-mul\libc.a(lib_a-puts.o)
                              obj/default/consumer.o (puts)
c:/altera/13.1/nios2eds/bin/gnu/h-i686-mingw32/bin/../lib/gcc/nios2-elf/4.7.3/../../../../../H-i686-mingw32/nios2-elf/lib/mno-hw-mul\libc.a(lib_a-strlen.o)
                              c:/altera/13.1/nios2eds/bin/gnu/h-i686-mingw32/bin/../lib/gcc/nios2-elf/4.7.3/../../../../../H-i686-mingw32/nios2-elf/lib/mno-hw-mul\libc.a(lib_a-puts.o) (strlen)
c:/altera/13.1/nios2eds/bin/gnu/h-i686-mingw32/bin/../lib/gcc/nios2-elf/4.7.3/../../../../../H-i686-mingw32/nios2-elf/lib/mno-hw-mul\libc.a(lib_a-vfprintf.o)
                              c:/altera/13.1/nios2eds/bin/gnu/h-i686-mingw32/bin/../lib/gcc/nios2-elf/4.7.3/../../../../../H-i686-mingw32/nios2-elf/lib/mno-hw-mul\libc.a(lib_a-printf.o) (___vfprintf_internal_r)
c:/altera/13.1/nios2eds/bin/gnu/h-i686-mingw32/bin/../lib/gcc/nios2-elf/4.7.3/../../../../../H-i686-mingw32/nios2-elf/lib/mno-hw-mul\libc.a(lib_a-wsetup.o)
[...]
Memory Configuration

Name             Origin             Length             Attributes
mem_data_cpu0    0x00000000         0x00010000
mem_data_cpu1    0x00010000         0x00010000
memory_shared    0x00020000         0x00010000
reset            0x00060000         0x00000020
memory_1         0x00060020         0x00018fe0
*default*        0x00000000         0xffffffff

Linker script and memory map

LOAD ../Consumer_bsp//obj/HAL/src/crt0.o
LOAD obj/default/FIFO_1.o
LOAD obj/default/consumer.o
LOAD c:/altera/13.1/nios2eds/bin/gnu/h-i686-mingw32/bin/../lib/gcc/nios2-elf/4.7.3/../../../../../H-i686-mingw32/nios2-elf/lib/mno-hw-mul\libstdc++.a
LOAD c:/altera/13.1/nios2eds/bin/gnu/h-i686-mingw32/bin/../lib/gcc/nios2-elf/4.7.3/../../../../../H-i686-mingw32/nios2-elf/lib/mno-hw-mul\libm.a
LOAD c:/altera/13.1/nios2eds/bin/gnu/h-i686-mingw32/bin/../lib/gcc/nios2-elf/4.7.3/mno-hw-mul\libgcc.a
START GROUP
LOAD c:/altera/13.1/nios2eds/bin/gnu/h-i686-mingw32/bin/../lib/gcc/nios2-elf/4.7.3/../../../../../H-i686-mingw32/nios2-elf/lib/mno-hw-mul\libc.a
LOAD c:/altera/13.1/nios2eds/bin/gnu/h-i686-mingw32/bin/../lib/gcc/nios2-elf/4.7.3/mno-hw-mul\libgcc.a
LOAD ../Consumer_bsp/\libhal_bsp.a
END GROUP
LOAD c:/altera/13.1/nios2eds/bin/gnu/h-i686-mingw32/bin/../lib/gcc/nios2-elf/4.7.3/mno-hw-mul\libgcc.a
                0x00000000                __alt_mem_memory_shared = 0x0
                0x00060000                __alt_mem_memory_1 = 0x60000

.entry          0x00060000       0x20
 *(.entry)
 .entry         0x00060000       0x20 ../Consumer_bsp//obj/HAL/src/crt0.o
                0x00060000                __reset

.exceptions     0x00060020      0x198
                0x00060020                PROVIDE (__ram_exceptions_start, ABSOLUTE (.))
                0x00060020                . = ALIGN (0x20)
 *(.irq)
 *(.exceptions.entry.label)
 .exceptions.entry.label
                0x00060020        0x0 ../Consumer_bsp/\libhal_bsp.a(alt_irq_entry.o)
                0x00060020                alt_irq_entry
 .exceptions.entry.label
                0x00060020        0x0 ../Consumer_bsp/\libhal_bsp.a(alt_exception_entry.o)
                0x00060020                alt_exception
 *(.exceptions.entry.user)
 *(.exceptions.entry.ecc_fatal)
 *(.exceptions.entry)
 .exceptions.entry
                0x00060020       0x54 ../Consumer_bsp/\libhal_bsp.a(alt_exception_entry.o)
 *(.exceptions.irqtest.user)
 *(.exceptions.irqtest)
 .exceptions.irqtest
                0x00060074       0x10 ../Consumer_bsp/\libhal_bsp.a(alt_irq_entry.o)
 *(.exceptions.irqhandler.user)
 *(.exceptions.irqhandler)
 .exceptions.irqhandler
                0x00060084        0x4 ../Consumer_bsp/\libhal_bsp.a(alt_irq_entry.o)
 *(.exceptions.irqreturn.user)
 *(.exceptions.irqreturn)
 .exceptions.irqreturn
                0x00060088        0x4 ../Consumer_bsp/\libhal_bsp.a(alt_irq_entry.o)
 *(.exceptions.notirq.label)
 .exceptions.notirq.label
                0x0006008c        0x0 ../Consumer_bsp/\libhal_bsp.a(alt_irq_entry.o)
 *(.exceptions.notirq.user)
 *(.exceptions.notirq)
 .exceptions.notirq
                0x0006008c        0x8 ../Consumer_bsp/\libhal_bsp.a(alt_exception_entry.o)
 *(.exceptions.soft.user)
 *(.exceptions.soft)
 *(.exceptions.unknown.user)
 *(.exceptions.unknown)
 .exceptions.unknown
                0x00060094        0x4 ../Consumer_bsp/\libhal_bsp.a(alt_exception_entry.o)
 *(.exceptions.exit.label)
 .exceptions.exit.label
                0x00060098        0x0 ../Consumer_bsp/\libhal_bsp.a(alt_irq_entry.o)
 .exceptions.exit.label
                0x00060098        0x0 ../Consumer_bsp/\libhal_bsp.a(alt_exception_entry.o)
 *(.exceptions.exit.user)
 *(.exceptions.exit)
 .exceptions.exit
                0x00060098       0x54 ../Consumer_bsp/\libhal_bsp.a(alt_exception_entry.o)
 *(.exceptions)
 .exceptions    0x000600ec       0xcc ../Consumer_bsp/\libhal_bsp.a(alt_irq_handler.o)
                0x000600ec                alt_irq_handler
                0x000601b8                PROVIDE (__ram_exceptions_end, ABSOLUTE (.))
                0x00060020                PROVIDE (__flash_exceptions_start, LOADADDR (.exceptions))

.text           0x000601b8     0xc550
                0x000601b8                PROVIDE (stext, ABSOLUTE (.))
 *(.interp)
 *(.hash)
 *(.dynsym)
 *(.dynstr)
 *(.gnu.version)
 *(.gnu.version_d)
 *(.gnu.version_r)
 *(.rel.init)
 *(.rela.init)
 *(.rel.text .rel.text.* .rel.gnu.linkonce.t.*)
 *(.rela.text .rela.text.* .rela.gnu.linkonce.t.*)
 *(.rel.fini)
 *(.rela.fini)
 *(.rel.rodata .rel.rodata.* .rel.gnu.linkonce.r.*)
 *(.rela.rodata .rela.rodata.* .rela.gnu.linkonce.r.*)
 *(.rel.data .rel.data.* .rel.gnu.linkonce.d.*)
 *(.rela.data .rela.data.* .rela.gnu.linkonce.d.*)
 *(.rel.tdata .rel.tdata.* .rel.gnu.linkonce.td.*)
 *(.rela.tdata .rela.tdata.* .rela.gnu.linkonce.td.*)
 *(.rel.tbss .rel.tbss.* .rel.gnu.linkonce.tb.*)
 *(.rela.tbss .rela.tbss.* .rela.gnu.linkonce.tb.*)
 *(.rel.ctors)
 *(.rela.ctors)
 *(.rel.dtors)
 *(.rela.dtors)
 *(.rel.got)
 *(.rela.got)
 *(.rel.sdata .rel.sdata.* .rel.gnu.linkonce.s.*)
 *(.rela.sdata .rela.sdata.* .rela.gnu.linkonce.s.*)
 *(.rel.sbss .rel.sbss.* .rel.gnu.linkonce.sb.*)
 *(.rela.sbss .rela.sbss.* .rela.gnu.linkonce.sb.*)
 *(.rel.sdata2 .rel.sdata2.* .rel.gnu.linkonce.s2.*)
 *(.rela.sdata2 .rela.sdata2.* .rela.gnu.linkonce.s2.*)
 *(.rel.sbss2 .rel.sbss2.* .rel.gnu.linkonce.sb2.*)
 *(.rela.sbss2 .rela.sbss2.* .rela.gnu.linkonce.sb2.*)
 *(.rel.bss .rel.bss.* .rel.gnu.linkonce.b.*)
 *(.rela.bss .rela.bss.* .rela.gnu.linkonce.b.*)
 *(.rel.plt)
 *(.rela.plt)
 *(.rel.dyn)
 *(.init)
 *(.plt)
 *(.text .stub .text.* .gnu.linkonce.t.*)
 .text          0x000601b8       0x3c ../Consumer_bsp//obj/HAL/src/crt0.o
                0x000601b8                _start
 .text          0x000601f4      0x27c obj/default/FIFO_1.o
                0x000601f4                WRITE_FIFO_1
                0x000602e8                READ_FIFO_1
                0x000603e0                FIFO_1_INIT
 .text          0x00060470      0x270 obj/default/consumer.o
                0x00060470                main
                0x00060488                consumer
                0x000606a0                delay
 .text          0x000606e0      0x2e4 c:/altera/13.1/nios2eds/bin/gnu/h-i686-mingw32/bin/../lib/gcc/nios2-elf/4.7.3/mno-hw-mul\libgcc.a(_mul_df.o)
                0x000606e0                __muldf3
 .text          0x000609c4      0x1b4 c:/altera/13.1/nios2eds/bin/gnu/h-i686-mingw32/bin/../lib/gcc/nios2-elf/4.7.3/mno-hw-mul\libgcc.a(_div_df.o)
                0x000609c4                __divdf3
 .text          0x00060b78        0x0 c:/altera/13.1/nios2eds/bin/gnu/h-i686-mingw32/bin/../lib/gcc/nios2-elf/4.7.3/mno-hw-mul\libgcc.a(_thenan_df.o)
 .text          0x00060b78      0x11c c:/altera/13.1/nios2eds/bin/gnu/h-i686-mingw32/bin/../lib/gcc/nios2-elf/4.7.3/mno-hw-mul\libgcc.a(_usi_to_df.o)
                0x00060b78                __floatunsidf
 .text          0x00060c94      0x110 c:/altera/13.1/nios2eds/bin/gnu/h-i686-mingw32/bin/../lib/gcc/nios2-elf/4.7.3/mno-hw-mul\libgcc.a(_muldi3.o)
                0x00060c94                __muldi3
 .text          0x00060da4       0xac c:/altera/13.1/nios2eds/bin/gnu/h-i686-mingw32/bin/../lib/gcc/nios2-elf/4.7.3/mno-hw-mul\libgcc.a(_clzsi2.o)
                0x00060da4                __clzsi2
 .text          0x00060e50      0x224 c:/altera/13.1/nios2eds/bin/gnu/h-i686-mingw32/bin/../lib/gcc/nios2-elf/4.7.3/mno-hw-mul\libgcc.a(_pack_df.o)
                0x00060e50                __pack_d
 .text          0x00061074      0x104 c:/altera/13.1/nios2eds/bin/gnu/h-i686-mingw32/bin/../lib/gcc/nios2-elf/4.7.3/mno-hw-mul\libgcc.a(_unpack_df.o)
                0x00061074                __unpack_d
 .text          0x00061178       0x28 c:/altera/13.1/nios2eds/bin/gnu/h-i686-mingw32/bin/../lib/gcc/nios2-elf/4.7.3/mno-hw-mul\libgcc.a(lib2-mul.o)
                0x00061178                __mulsi3
 .text          0x000611a0       0x44 c:/altera/13.1/nios2eds/bin/gnu/h-i686-mingw32/bin/../lib/gcc/nios2-elf/4.7.3/mno-hw-mul\libgcc.a(_lshrdi3.o)
                0x000611a0                __lshrdi3
 .text          0x000611e4       0x44 c:/altera/13.1/nios2eds/bin/gnu/h-i686-mingw32/bin/../lib/gcc/nios2-elf/4.7.3/mno-hw-mul\libgcc.a(_ashldi3.o)
                0x000611e4                __ashldi3
 .text          0x00061228        0x0 c:/altera/13.1/nios2eds/bin/gnu/h-i686-mingw32/bin/../lib/gcc/nios2-elf/4.7.3/mno-hw-mul\libgcc.a(_clz.o)
 .text          0x00061228       0x38 c:/altera/13.1/nios2eds/bin/gnu/h-i686-mingw32/bin/../lib/gcc/nios2-elf/4.7.3/../../../../../H-i686-mingw32/nios2-elf/lib/mno-hw-mul\libc.a(lib_a-exit.o)
                0x00061228                exit
 .text          0x00061260        0x0 c:/altera/13.1/nios2eds/bin/gnu/h-i686-mingw32/bin/../lib/gcc/nios2-elf/4.7.3/../../../../../H-i686-mingw32/nios2-elf/lib/mno-hw-mul\libc.a(lib_a-impure.o)
 .text          0x00061260       0x68 c:/altera/13.1/nios2eds/bin/gnu/h-i686-mingw32/bin/../lib/gcc/nios2-elf/4.7.3/../../../../../H-i686-mingw32/nios2-elf/lib/mno-hw-mul\libc.a(lib_a-printf.o)
                0x00061260                _printf_r
                0x0006128c                printf
 .text          0x000612c8       0x98 c:/altera/13.1/nios2eds/bin/gnu/h-i686-mingw32/bin/../lib/gcc/nios2-elf/4.7.3/../../../../../H-i686-mingw32/nios2-elf/lib/mno-hw-mul\libc.a(lib_a-puts.o)
                0x000612c8                _puts_r
                0x0006134c                puts
 .text          0x00061360       0x8c c:/altera/13.1/nios2eds/bin/gnu/h-i686-mingw32/bin/../lib/gcc/nios2-elf/4.7.3/../../../../../H-i686-mingw32/nios2-elf/lib/mno-hw-mul\libc.a(lib_a-strlen.o)
                0x00061360                strlen
 .text          0x000613ec     0x1ed4 c:/altera/13.1/nios2eds/bin/gnu/h-i686-mingw32/bin/../lib/gcc/nios2-elf/4.7.3/../../../../../H-i686-mingw32/nios2-elf/lib/mno-hw-mul\libc.a(lib_a-vfprintf.o)
                0x00061420                ___vfprintf_internal_r
                0x0006329c                __vfprintf_internal
 .text          0x000632c0      0x174 c:/altera/13.1/nios2eds/bin/gnu/h-i686-mingw32/bin/../lib/gcc/nios2-elf/4.7.3/../../../../../H-i686-mingw32/nios2-elf/lib/mno-hw-mul\libc.a(lib_a-wsetup.o)
                0x000632c0                __swsetup_r
 .text          0x00063434      0x1a0 c:/altera/13.1/nios2eds/bin/gnu/h-i686-mingw32/bin/../lib/gcc/nios2-elf/4.7.3/../../../../../H-i686-mingw32/nios2-elf/lib/mno-hw-mul\libc.a(lib_a-__call_atexit.o)
                0x00063434                __call_exitprocs
 .text          0x000635d4     0x1858 c:/altera/13.1/nios2eds/bin/gnu/h-i686-mingw32/bin/../lib/gcc/nios2-elf/4.7.3/../../../../../H-i686-mingw32/nios2-elf/lib/mno-hw-mul\libc.a(lib_a-dtoa.o)
                0x00063810                _dtoa_r
 .text          0x00064e2c      0x218 c:/altera/13.1/nios2eds/bin/gnu/h-i686-mingw32/bin/../lib/gcc/nios2-elf/4.7.3/../../../../../H-i686-mingw32/nios2-elf/lib/mno-hw-mul\libc.a(lib_a-fflush.o)
                0x00064e2c                _fflush_r
                0x00065014                fflush
 .text          0x00065044      0x2ec c:/altera/13.1/nios2eds/bin/gnu/h-i686-mingw32/bin/../lib/gcc/nios2-elf/4.7.3/../../../../../H-i686-mingw32/nios2-elf/lib/mno-hw-mul\libc.a(lib_a-findfp.o)
                0x00065054                _cleanup_r
                0x00065060                __sfmoreglue
                0x000650d8                _cleanup
                0x000650e8                __sinit
                0x000651f4                __sfp
                0x000652f0                __sfp_lock_acquire
                0x000652f4                __sfp_lock_release
                0x000652f8                __sinit_lock_acquire
                0x000652fc                __sinit_lock_release
                0x00065300                __fp_lock_all
                0x00065318                __fp_unlock_all
 .text          0x00065330      0x40c c:/altera/13.1/nios2eds/bin/gnu/h-i686-mingw32/bin/../lib/gcc/nios2-elf/4.7.3/../../../../../H-i686-mingw32/nios2-elf/lib/mno-hw-mul\libc.a(lib_a-freer.o)
                0x00065330                _malloc_trim_r
                0x0006546c                _free_r
 .text          0x0006573c      0x4e4 c:/altera/13.1/nios2eds/bin/gnu/h-i686-mingw32/bin/../lib/gcc/nios2-elf/4.7.3/../../../../../H-i686-mingw32/nios2-elf/lib/mno-hw-mul\libc.a(lib_a-fvwrite.o)
                0x0006573c                __sfvwrite_r
 .text          0x00065c20      0x160 c:/altera/13.1/nios2eds/bin/gnu/h-i686-mingw32/bin/../lib/gcc/nios2-elf/4.7.3/../../../../../H-i686-mingw32/nios2-elf/lib/mno-hw-mul\libc.a(lib_a-fwalk.o)
                0x00065c20                _fwalk
                0x00065cc8                _fwalk_reent
 .text          0x00065d80       0xdc c:/altera/13.1/nios2eds/bin/gnu/h-i686-mingw32/bin/../lib/gcc/nios2-elf/4.7.3/../../../../../H-i686-mingw32/nios2-elf/lib/mno-hw-mul\libc.a(lib_a-locale.o)
                0x00065d80                _setlocale_r
                0x00065e1c                __locale_charset
                0x00065e28                _localeconv_r
                0x00065e34                setlocale
                0x00065e50                localeconv
 .text          0x00065e5c      0x1a8 c:/altera/13.1/nios2eds/bin/gnu/h-i686-mingw32/bin/../lib/gcc/nios2-elf/4.7.3/../../../../../H-i686-mingw32/nios2-elf/lib/mno-hw-mul\libc.a(lib_a-makebuf.o)
                0x00065e5c                __smakebuf_r
 .text          0x00066004      0x784 c:/altera/13.1/nios2eds/bin/gnu/h-i686-mingw32/bin/../lib/gcc/nios2-elf/4.7.3/../../../../../H-i686-mingw32/nios2-elf/lib/mno-hw-mul\libc.a(lib_a-mallocr.o)
                0x00066004                _malloc_r
 .text          0x00066788       0xf8 c:/altera/13.1/nios2eds/bin/gnu/h-i686-mingw32/bin/../lib/gcc/nios2-elf/4.7.3/../../../../../H-i686-mingw32/nios2-elf/lib/mno-hw-mul\libc.a(lib_a-memchr.o)
                0x00066788                memchr
 .text          0x00066880      0x140 c:/altera/13.1/nios2eds/bin/gnu/h-i686-mingw32/bin/../lib/gcc/nios2-elf/4.7.3/../../../../../H-i686-mingw32/nios2-elf/lib/mno-hw-mul\libc.a(lib_a-memcpy.o)
                0x00066880                memcpy
 .text          0x000669c0      0x18c c:/altera/13.1/nios2eds/bin/gnu/h-i686-mingw32/bin/../lib/gcc/nios2-elf/4.7.3/../../../../../H-i686-mingw32/nios2-elf/lib/mno-hw-mul\libc.a(lib_a-memmove.o)
                0x000669c0                memmove
 .text          0x00066b4c       0xdc c:/altera/13.1/nios2eds/bin/gnu/h-i686-mingw32/bin/../lib/gcc/nios2-elf/4.7.3/../../../../../H-i686-mingw32/nios2-elf/lib/mno-hw-mul\libc.a(lib_a-memset.o)
                0x00066b4c                memset
 .text          0x00066c28     0x1050 c:/altera/13.1/nios2eds/bin/gnu/h-i686-mingw32/bin/../lib/gcc/nios2-elf/4.7.3/../../../../../H-i686-mingw32/nios2-elf/lib/mno-hw-mul\libc.a(lib_a-mprec.o)
                0x00066c28                _Balloc
                0x00066cd0                _Bfree
                0x00066cf8                __multadd
                0x00066e3c                __s2b
                0x00066f40                __hi0bits
                0x00066fa8                __lo0bits
                0x00067058                __i2b
                0x00067094                __multiply
                0x000672ec                __pow5mult
                0x00067418                __lshift
                0x00067574                __mcmp
                0x000675cc                __mdiff
                0x00067774                __ulp
                0x000677d4                __b2d
                0x0006791c                __d2b
                0x00067a60                __ratio
                0x00067b04                _mprec_log10
                0x00067b78                __copybits
                0x00067bf4                __any_on
 .text          0x00067c78      0x5fc c:/altera/13.1/nios2eds/bin/gnu/h-i686-mingw32/bin/../lib/gcc/nios2-elf/4.7.3/../../../../../H-i686-mingw32/nios2-elf/lib/mno-hw-mul\libc.a(lib_a-reallocr.o)
                0x00067c78                _realloc_r
 .text          0x00068274       0x38 c:/altera/13.1/nios2eds/bin/gnu/h-i686-mingw32/bin/../lib/gcc/nios2-elf/4.7.3/../../../../../H-i686-mingw32/nios2-elf/lib/mno-hw-mul\libc.a(lib_a-s_isinfd.o)
                0x00068274                __isinfd
 .text          0x000682ac       0x2c c:/altera/13.1/nios2eds/bin/gnu/h-i686-mingw32/bin/../lib/gcc/nios2-elf/4.7.3/../../../../../H-i686-mingw32/nios2-elf/lib/mno-hw-mul\libc.a(lib_a-s_isnand.o)
                0x000682ac                __isnand
 .text          0x000682d8       0x64 c:/altera/13.1/nios2eds/bin/gnu/h-i686-mingw32/bin/../lib/gcc/nios2-elf/4.7.3/../../../../../H-i686-mingw32/nios2-elf/lib/mno-hw-mul\libc.a(lib_a-sbrkr.o)
                0x000682d8                _sbrk_r
 .text          0x0006833c      0x140 c:/altera/13.1/nios2eds/bin/gnu/h-i686-mingw32/bin/../lib/gcc/nios2-elf/4.7.3/../../../../../H-i686-mingw32/nios2-elf/lib/mno-hw-mul\libc.a(lib_a-stdio.o)
                0x0006833c                __sread
                0x00068390                __swrite
                0x00068418                __sseek
                0x00068474                __sclose
 .text          0x0006847c       0xa4 c:/altera/13.1/nios2eds/bin/gnu/h-i686-mingw32/bin/../lib/gcc/nios2-elf/4.7.3/../../../../../H-i686-mingw32/nios2-elf/lib/mno-hw-mul\libc.a(lib_a-strcmp.o)
                0x0006847c                strcmp
 .text          0x00068520       0x6c c:/altera/13.1/nios2eds/bin/gnu/h-i686-mingw32/bin/../lib/gcc/nios2-elf/4.7.3/../../../../../H-i686-mingw32/nios2-elf/lib/mno-hw-mul\libc.a(lib_a-writer.o)
                0x00068520                _write_r
 .text          0x0006858c       0xcc c:/altera/13.1/nios2eds/bin/gnu/h-i686-mingw32/bin/../lib/gcc/nios2-elf/4.7.3/../../../../../H-i686-mingw32/nios2-elf/lib/mno-hw-mul\libc.a(lib_a-callocr.o)
                0x0006858c                _calloc_r
 .text          0x00068658       0x64 c:/altera/13.1/nios2eds/bin/gnu/h-i686-mingw32/bin/../lib/gcc/nios2-elf/4.7.3/../../../../../H-i686-mingw32/nios2-elf/lib/mno-hw-mul\libc.a(lib_a-closer.o)
                0x00068658                _close_r
 .text          0x000686bc      0x150 c:/altera/13.1/nios2eds/bin/gnu/h-i686-mingw32/bin/../lib/gcc/nios2-elf/4.7.3/../../../../../H-i686-mingw32/nios2-elf/lib/mno-hw-mul\libc.a(lib_a-fclose.o)
                0x000686bc                _fclose_r
                0x000687f8                fclose
 .text          0x0006880c       0x68 c:/altera/13.1/nios2eds/bin/gnu/h-i686-mingw32/bin/../lib/gcc/nios2-elf/4.7.3/../../../../../H-i686-mingw32/nios2-elf/lib/mno-hw-mul\libc.a(lib_a-fstatr.o)
                0x0006880c                _fstat_r
 .text          0x00068874        0x0 c:/altera/13.1/nios2eds/bin/gnu/h-i686-mingw32/bin/../lib/gcc/nios2-elf/4.7.3/../../../../../H-i686-mingw32/nios2-elf/lib/mno-hw-mul\libc.a(lib_a-int_errno.o)
 .text          0x00068874       0x64 c:/altera/13.1/nios2eds/bin/gnu/h-i686-mingw32/bin/../lib/gcc/nios2-elf/4.7.3/../../../../../H-i686-mingw32/nios2-elf/lib/mno-hw-mul\libc.a(lib_a-isattyr.o)
                0x00068874                _isatty_r
 .text          0x000688d8       0x6c c:/altera/13.1/nios2eds/bin/gnu/h-i686-mingw32/bin/../lib/gcc/nios2-elf/4.7.3/../../../../../H-i686-mingw32/nios2-elf/lib/mno-hw-mul\libc.a(lib_a-lseekr.o)
                0x000688d8                _lseek_r
 .text          0x00068944       0x6c c:/altera/13.1/nios2eds/bin/gnu/h-i686-mingw32/bin/../lib/gcc/nios2-elf/4.7.3/../../../../../H-i686-mingw32/nios2-elf/lib/mno-hw-mul\libc.a(lib_a-readr.o)
                0x00068944                _read_r
 .text          0x000689b0      0x650 c:/altera/13.1/nios2eds/bin/gnu/h-i686-mingw32/bin/../lib/gcc/nios2-elf/4.7.3/mno-hw-mul\libgcc.a(_udivdi3.o)
                0x000689b0                __udivdi3
 .text          0x00069000      0x628 c:/altera/13.1/nios2eds/bin/gnu/h-i686-mingw32/bin/../lib/gcc/nios2-elf/4.7.3/mno-hw-mul\libgcc.a(_umoddi3.o)
                0x00069000                __umoddi3
 .text          0x00069628      0x408 c:/altera/13.1/nios2eds/bin/gnu/h-i686-mingw32/bin/../lib/gcc/nios2-elf/4.7.3/mno-hw-mul\libgcc.a(_addsub_df.o)
                0x0006997c                __adddf3
                0x000699d0                __subdf3
 .text          0x00069a30       0x5c c:/altera/13.1/nios2eds/bin/gnu/h-i686-mingw32/bin/../lib/gcc/nios2-elf/4.7.3/mno-hw-mul\libgcc.a(_eq_df.o)
                0x00069a30                __eqdf2
 .text          0x00069a8c       0x5c c:/altera/13.1/nios2eds/bin/gnu/h-i686-mingw32/bin/../lib/gcc/nios2-elf/4.7.3/mno-hw-mul\libgcc.a(_ne_df.o)
                0x00069a8c                __nedf2
 .text          0x00069ae8       0x64 c:/altera/13.1/nios2eds/bin/gnu/h-i686-mingw32/bin/../lib/gcc/nios2-elf/4.7.3/mno-hw-mul\libgcc.a(_gt_df.o)
                0x00069ae8                __gtdf2
 .text          0x00069b4c       0x64 c:/altera/13.1/nios2eds/bin/gnu/h-i686-mingw32/bin/../lib/gcc/nios2-elf/4.7.3/mno-hw-mul\libgcc.a(_ge_df.o)
                0x00069b4c                __gedf2
 .text          0x00069bb0       0x5c c:/altera/13.1/nios2eds/bin/gnu/h-i686-mingw32/bin/../lib/gcc/nios2-elf/4.7.3/mno-hw-mul\libgcc.a(_lt_df.o)
                0x00069bb0                __ltdf2
 .text          0x00069c0c       0xd4 c:/altera/13.1/nios2eds/bin/gnu/h-i686-mingw32/bin/../lib/gcc/nios2-elf/4.7.3/mno-hw-mul\libgcc.a(_si_to_df.o)
                0x00069c0c                __floatsidf
 .text          0x00069ce0       0xd4 c:/altera/13.1/nios2eds/bin/gnu/h-i686-mingw32/bin/../lib/gcc/nios2-elf/4.7.3/mno-hw-mul\libgcc.a(_df_to_si.o)
                0x00069ce0                __fixdfsi
 .text          0x00069db4      0x130 c:/altera/13.1/nios2eds/bin/gnu/h-i686-mingw32/bin/../lib/gcc/nios2-elf/4.7.3/mno-hw-mul\libgcc.a(lib2-divmod.o)
                0x00069e28                __divsi3
                0x00069e78                __modsi3
                0x00069ed4                __udivsi3
                0x00069edc                __umodsi3
 .text          0x00069ee4       0xd0 c:/altera/13.1/nios2eds/bin/gnu/h-i686-mingw32/bin/../lib/gcc/nios2-elf/4.7.3/mno-hw-mul\libgcc.a(_fpcmp_parts_df.o)
                0x00069ee4                __fpcmp_parts_d
 .text          0x00069fb4      0x11c ../Consumer_bsp/\libhal_bsp.a(alt_close.o)
                0x0006a004                close
 .text          0x0006a0d0       0x2c ../Consumer_bsp/\libhal_bsp.a(alt_dev.o)
 .text          0x0006a0fc        0x0 ../Consumer_bsp/\libhal_bsp.a(alt_errno.o)
 .text          0x0006a0fc       0x3c ../Consumer_bsp/\libhal_bsp.a(alt_exit.o)
                0x0006a0fc                _exit
 .text          0x0006a138      0x100 ../Consumer_bsp/\libhal_bsp.a(alt_fstat.o)
                0x0006a188                fstat
 .text          0x0006a238       0xf4 ../Consumer_bsp/\libhal_bsp.a(alt_isatty.o)
                0x0006a288                isatty
 .text          0x0006a32c       0xec ../Consumer_bsp/\libhal_bsp.a(alt_load.o)
                0x0006a398                alt_load
 .text          0x0006a418      0x124 ../Consumer_bsp/\libhal_bsp.a(alt_lseek.o)
                0x0006a468                lseek
 .text          0x0006a53c       0x78 ../Consumer_bsp/\libhal_bsp.a(alt_main.o)
                0x0006a53c                alt_main
 .text          0x0006a5b4       0x40 ../Consumer_bsp/\libhal_bsp.a(alt_malloc_lock.o)
                0x0006a5b4                __malloc_lock
                0x0006a5d4                __malloc_unlock
 .text          0x0006a5f4      0x144 ../Consumer_bsp/\libhal_bsp.a(alt_read.o)
                0x0006a644                read
 .text          0x0006a738       0x80 ../Consumer_bsp/\libhal_bsp.a(alt_release_fd.o)
                0x0006a738                alt_release_fd
 .text          0x0006a7b8       0xb0 ../Consumer_bsp/\libhal_bsp.a(alt_sbrk.o)
                0x0006a7b8                sbrk
 .text          0x0006a868      0x140 ../Consumer_bsp/\libhal_bsp.a(alt_write.o)
                0x0006a8b8                write
 .text          0x0006a9a8       0xf4 ../Consumer_bsp/\libhal_bsp.a(alt_sys_init.o)
                0x0006a9e0                alt_irq_init
                0x0006aa14                alt_sys_init
 .text          0x0006aa9c      0x164 ../Consumer_bsp/\libhal_bsp.a(altera_avalon_jtag_uart_fd.o)
                0x0006aa9c                altera_avalon_jtag_uart_read_fd
                0x0006aafc                altera_avalon_jtag_uart_write_fd
                0x0006ab5c                altera_avalon_jtag_uart_close_fd
                0x0006abac                altera_avalon_jtag_uart_ioctl_fd
 .text          0x0006ac00      0x3d0 ../Consumer_bsp/\libhal_bsp.a(altera_avalon_jtag_uart_init.o)
                0x0006ac00                altera_avalon_jtag_uart_init
                0x0006af68                altera_avalon_jtag_uart_close
 .text          0x0006afd0       0xf4 ../Consumer_bsp/\libhal_bsp.a(altera_avalon_jtag_uart_ioctl.o)
                0x0006afd0                altera_avalon_jtag_uart_ioctl
 .text          0x0006b0c4      0x218 ../Consumer_bsp/\libhal_bsp.a(altera_avalon_jtag_uart_read.o)
                0x0006b0c4                altera_avalon_jtag_uart_read
 .text          0x0006b2dc      0x224 ../Consumer_bsp/\libhal_bsp.a(altera_avalon_jtag_uart_write.o)
                0x0006b2dc                altera_avalon_jtag_uart_write
 .text          0x0006b500       0xfc ../Consumer_bsp/\libhal_bsp.a(altera_avalon_timer_sc.o)
                0x0006b574                alt_avalon_timer_sc_init
 .text          0x0006b5fc      0x140 ../Consumer_bsp/\libhal_bsp.a(altera_avalon_timer_ts.o)
                0x0006b5fc                alt_timestamp_start
                0x0006b684                alt_timestamp
                0x0006b714                alt_timestamp_freq
 .text          0x0006b73c        0x0 ../Consumer_bsp/\libhal_bsp.a(altera_avalon_timer_vars.o)
 .text          0x0006b73c      0x140 ../Consumer_bsp/\libhal_bsp.a(alt_alarm_start.o)
                0x0006b73c                alt_alarm_start
 .text          0x0006b87c       0x1c ../Consumer_bsp/\libhal_bsp.a(alt_dcache_flush_all.o)
                0x0006b87c                alt_dcache_flush_all
 .text          0x0006b898       0xf0 ../Consumer_bsp/\libhal_bsp.a(alt_dev_llist_insert.o)
                0x0006b8e8                alt_dev_llist_insert
 .text          0x0006b988       0x5c ../Consumer_bsp/\libhal_bsp.a(alt_do_ctors.o)
                0x0006b988                _do_ctors
 .text          0x0006b9e4       0x5c ../Consumer_bsp/\libhal_bsp.a(alt_do_dtors.o)
                0x0006b9e4                _do_dtors
 .text          0x0006ba40       0x1c ../Consumer_bsp/\libhal_bsp.a(alt_icache_flush_all.o)
                0x0006ba40                alt_icache_flush_all
 .text          0x0006ba5c      0x1d8 ../Consumer_bsp/\libhal_bsp.a(alt_iic.o)
                0x0006ba5c                alt_ic_isr_register
                0x0006baac                alt_ic_irq_enable
                0x0006bb48                alt_ic_irq_disable
                0x0006bbe8                alt_ic_irq_enabled
 .text          0x0006bc34       0xf0 ../Consumer_bsp/\libhal_bsp.a(alt_iic_isr_register.o)
                0x0006bc34                alt_iic_isr_register
 .text          0x0006bd24      0x158 ../Consumer_bsp/\libhal_bsp.a(alt_io_redirect.o)
                0x0006be04                alt_io_redirect
 .text          0x0006be7c        0x0 ../Consumer_bsp/\libhal_bsp.a(alt_irq_entry.o)
 .text          0x0006be7c        0x0 ../Consumer_bsp/\libhal_bsp.a(alt_irq_handler.o)
 .text          0x0006be7c        0x0 ../Consumer_bsp/\libhal_bsp.a(alt_irq_vars.o)
 .text          0x0006be7c      0x298 ../Consumer_bsp/\libhal_bsp.a(alt_open.o)
                0x0006bfbc                open
 .text          0x0006c114      0x19c ../Consumer_bsp/\libhal_bsp.a(alt_tick.o)
                0x0006c114                alt_alarm_stop
                0x0006c1ac                alt_tick
 .text          0x0006c2b0       0x20 ../Consumer_bsp/\libhal_bsp.a(altera_nios2_qsys_irq.o)
                0x0006c2b0                altera_nios2_qsys_irq_init
 .text          0x0006c2d0        0x0 ../Consumer_bsp/\libhal_bsp.a(alt_exception_entry.o)
 .text          0x0006c2d0       0x90 ../Consumer_bsp/\libhal_bsp.a(alt_find_dev.o)
                0x0006c2d0                alt_find_dev
 .text          0x0006c360      0x114 ../Consumer_bsp/\libhal_bsp.a(alt_find_file.o)
                0x0006c360                alt_find_file
 .text          0x0006c474       0xd4 ../Consumer_bsp/\libhal_bsp.a(alt_get_fd.o)
                0x0006c474                alt_get_fd
 .text          0x0006c548       0x14 c:/altera/13.1/nios2eds/bin/gnu/h-i686-mingw32/bin/../lib/gcc/nios2-elf/4.7.3/../../../../../H-i686-mingw32/nios2-elf/lib/mno-hw-mul\libc.a(lib_a-atexit.o)
                0x0006c548                atexit
 .text          0x0006c55c       0x7c c:/altera/13.1/nios2eds/bin/gnu/h-i686-mingw32/bin/../lib/gcc/nios2-elf/4.7.3/../../../../../H-i686-mingw32/nios2-elf/lib/mno-hw-mul\libc.a(lib_a-memcmp.o)
                0x0006c55c                memcmp
 .text          0x0006c5d8      0x130 c:/altera/13.1/nios2eds/bin/gnu/h-i686-mingw32/bin/../lib/gcc/nios2-elf/4.7.3/../../../../../H-i686-mingw32/nios2-elf/lib/mno-hw-mul\libc.a(lib_a-__atexit.o)
                0x0006c5d8                __register_exitproc
 *(.gnu.warning.*)
 *(.fini)
                0x0006c708                PROVIDE (__etext, ABSOLUTE (.))
                0x0006c708                PROVIDE (_etext, ABSOLUTE (.))
                0x0006c708                PROVIDE (etext, ABSOLUTE (.))
 *(.eh_frame_hdr)
                0x0006c708                . = ALIGN (0x4)
                0x0006c708                PROVIDE (__preinit_array_start, ABSOLUTE (.))
 *(.preinit_array)
                0x0006c708                PROVIDE (__preinit_array_end, ABSOLUTE (.))
                0x0006c708                PROVIDE (__init_array_start, ABSOLUTE (.))
 *(.init_array)
                0x0006c708                PROVIDE (__init_array_end, ABSOLUTE (.))
                0x0006c708                PROVIDE (__fini_array_start, ABSOLUTE (.))
 *(.fini_array)
                0x0006c708                PROVIDE (__fini_array_end, ABSOLUTE (.))
 *(.eh_frame)
 *(.gcc_except_table .gcc_except_table.*)
 *(.dynamic)
                0x0006c708                PROVIDE (__CTOR_LIST__, ABSOLUTE (.))
 *(.ctors)
 *(SORT(.ctors.*))
                0x0006c708                PROVIDE (__CTOR_END__, ABSOLUTE (.))
                0x0006c708                PROVIDE (__DTOR_LIST__, ABSOLUTE (.))
 *(.dtors)
 *(SORT(.dtors.*))
                0x0006c708                PROVIDE (__DTOR_END__, ABSOLUTE (.))
 *(.jcr)
                0x0006c708                . = ALIGN (0x4)

.rodata         0x00010000      0x3f8 load address 0x0006c708
                0x00010000                PROVIDE (__ram_rodata_start, ABSOLUTE (.))
                0x00010000                . = ALIGN (0x4)
 *(.rodata .rodata.* .gnu.linkonce.r.*)
 .rodata        0x00010000       0xd0 obj/default/consumer.o
 .rodata        0x000100d0       0x14 c:/altera/13.1/nios2eds/bin/gnu/h-i686-mingw32/bin/../lib/gcc/nios2-elf/4.7.3/mno-hw-mul\libgcc.a(_thenan_df.o)
                0x000100d0                __thenan_df
 .rodata        0x000100e4      0x100 c:/altera/13.1/nios2eds/bin/gnu/h-i686-mingw32/bin/../lib/gcc/nios2-elf/4.7.3/mno-hw-mul\libgcc.a(_clz.o)
                0x000100e4                __clz_tab
 .rodata.str1.4
                0x000101e4        0x2 c:/altera/13.1/nios2eds/bin/gnu/h-i686-mingw32/bin/../lib/gcc/nios2-elf/4.7.3/../../../../../H-i686-mingw32/nios2-elf/lib/mno-hw-mul\libc.a(lib_a-impure.o)
                                  0x4 (size before relaxing)
 *fill*         0x000101e6        0x2 
 .rodata.str1.4
                0x000101e8        0x2 c:/altera/13.1/nios2eds/bin/gnu/h-i686-mingw32/bin/../lib/gcc/nios2-elf/4.7.3/../../../../../H-i686-mingw32/nios2-elf/lib/mno-hw-mul\libc.a(lib_a-puts.o)
                                  0x4 (size before relaxing)
 *fill*         0x000101ea        0x2 
 .rodata.str1.4
                0x000101ec       0x42 c:/altera/13.1/nios2eds/bin/gnu/h-i686-mingw32/bin/../lib/gcc/nios2-elf/4.7.3/../../../../../H-i686-mingw32/nios2-elf/lib/mno-hw-mul\libc.a(lib_a-vfprintf.o)
                                 0x44 (size before relaxing)
 .rodata        0x0001022e       0x20 c:/altera/13.1/nios2eds/bin/gnu/h-i686-mingw32/bin/../lib/gcc/nios2-elf/4.7.3/../../../../../H-i686-mingw32/nios2-elf/lib/mno-hw-mul\libc.a(lib_a-vfprintf.o)
 *fill*         0x0001024e        0x2 
 .rodata.str1.4
                0x00010250       0x10 c:/altera/13.1/nios2eds/bin/gnu/h-i686-mingw32/bin/../lib/gcc/nios2-elf/4.7.3/../../../../../H-i686-mingw32/nios2-elf/lib/mno-hw-mul\libc.a(lib_a-dtoa.o)
                                 0x14 (size before relaxing)
 .rodata.str1.4
                0x00010260       0x10 c:/altera/13.1/nios2eds/bin/gnu/h-i686-mingw32/bin/../lib/gcc/nios2-elf/4.7.3/../../../../../H-i686-mingw32/nios2-elf/lib/mno-hw-mul\libc.a(lib_a-locale.o)
                                 0x18 (size before relaxing)
 .rodata        0x00010270       0x30 c:/altera/13.1/nios2eds/bin/gnu/h-i686-mingw32/bin/../lib/gcc/nios2-elf/4.7.3/../../../../../H-i686-mingw32/nios2-elf/lib/mno-hw-mul\libc.a(lib_a-locale.o)
 .rodata        0x000102a0      0x124 c:/altera/13.1/nios2eds/bin/gnu/h-i686-mingw32/bin/../lib/gcc/nios2-elf/4.7.3/../../../../../H-i686-mingw32/nios2-elf/lib/mno-hw-mul\libc.a(lib_a-mprec.o)
                0x000102a0                __mprec_tinytens
                0x000102c8                __mprec_bigtens
                0x000102f0                __mprec_tens
 .rodata        0x000103c4        0xc ../Consumer_bsp/\libhal_bsp.a(alt_dev.o)
 .rodata        0x000103d0       0x14 ../Consumer_bsp/\libhal_bsp.a(alt_main.o)
 .rodata        0x000103e4       0x14 ../Consumer_bsp/\libhal_bsp.a(alt_sys_init.o)
 *(.rodata1)
                0x000103f8                . = ALIGN (0x4)
                0x000103f8                PROVIDE (__ram_rodata_end, ABSOLUTE (.))
                0x0006c708                PROVIDE (__flash_rodata_start, LOADADDR (.rodata))

.rwdata         0x000103f8     0x1a58 load address 0x0006cb00
                0x000103f8                PROVIDE (__ram_rwdata_start, ABSOLUTE (.))
                0x000103f8                . = ALIGN (0x4)
 *(.got.plt)
 *(.got)
 *(.data1)
 *(.data .data.* .gnu.linkonce.d.*)
 .data          0x000103f8        0x0 ../Consumer_bsp//obj/HAL/src/crt0.o
 .data          0x000103f8        0x0 obj/default/FIFO_1.o
 .data          0x000103f8        0x0 obj/default/consumer.o
 .data          0x000103f8        0x0 c:/altera/13.1/nios2eds/bin/gnu/h-i686-mingw32/bin/../lib/gcc/nios2-elf/4.7.3/mno-hw-mul\libgcc.a(_mul_df.o)
 .data          0x000103f8        0x0 c:/altera/13.1/nios2eds/bin/gnu/h-i686-mingw32/bin/../lib/gcc/nios2-elf/4.7.3/mno-hw-mul\libgcc.a(_div_df.o)
 .data          0x000103f8        0x0 c:/altera/13.1/nios2eds/bin/gnu/h-i686-mingw32/bin/../lib/gcc/nios2-elf/4.7.3/mno-hw-mul\libgcc.a(_thenan_df.o)
 .data          0x000103f8        0x0 c:/altera/13.1/nios2eds/bin/gnu/h-i686-mingw32/bin/../lib/gcc/nios2-elf/4.7.3/mno-hw-mul\libgcc.a(_usi_to_df.o)
 .data          0x000103f8        0x0 c:/altera/13.1/nios2eds/bin/gnu/h-i686-mingw32/bin/../lib/gcc/nios2-elf/4.7.3/mno-hw-mul\libgcc.a(_muldi3.o)
 .data          0x000103f8        0x0 c:/altera/13.1/nios2eds/bin/gnu/h-i686-mingw32/bin/../lib/gcc/nios2-elf/4.7.3/mno-hw-mul\libgcc.a(_clzsi2.o)
 .data          0x000103f8        0x0 c:/altera/13.1/nios2eds/bin/gnu/h-i686-mingw32/bin/../lib/gcc/nios2-elf/4.7.3/mno-hw-mul\libgcc.a(_pack_df.o)
 .data          0x000103f8        0x0 c:/altera/13.1/nios2eds/bin/gnu/h-i686-mingw32/bin/../lib/gcc/nios2-elf/4.7.3/mno-hw-mul\libgcc.a(_unpack_df.o)
 .data          0x000103f8        0x0 c:/altera/13.1/nios2eds/bin/gnu/h-i686-mingw32/bin/../lib/gcc/nios2-elf/4.7.3/mno-hw-mul\libgcc.a(lib2-mul.o)
 .data          0x000103f8        0x0 c:/altera/13.1/nios2eds/bin/gnu/h-i686-mingw32/bin/../lib/gcc/nios2-elf/4.7.3/mno-hw-mul\libgcc.a(_lshrdi3.o)
 .data          0x000103f8        0x0 c:/altera/13.1/nios2eds/bin/gnu/h-i686-mingw32/bin/../lib/gcc/nios2-elf/4.7.3/mno-hw-mul\libgcc.a(_ashldi3.o)
 .data          0x000103f8        0x0 c:/altera/13.1/nios2eds/bin/gnu/h-i686-mingw32/bin/../lib/gcc/nios2-elf/4.7.3/mno-hw-mul\libgcc.a(_clz.o)
 .data          0x000103f8        0x0 c:/altera/13.1/nios2eds/bin/gnu/h-i686-mingw32/bin/../lib/gcc/nios2-elf/4.7.3/../../../../../H-i686-mingw32/nios2-elf/lib/mno-hw-mul\libc.a(lib_a-exit.o)
 .data          0x000103f8      0x400 c:/altera/13.1/nios2eds/bin/gnu/h-i686-mingw32/bin/../lib/gcc/nios2-elf/4.7.3/../../../../../H-i686-mingw32/nios2-elf/lib/mno-hw-mul\libc.a(lib_a-impure.o)
 .data          0x000107f8        0x0 c:/altera/13.1/nios2eds/bin/gnu/h-i686-mingw32/bin/../lib/gcc/nios2-elf/4.7.3/../../../../../H-i686-mingw32/nios2-elf/lib/mno-hw-mul\libc.a(lib_a-printf.o)
 .data          0x000107f8        0x0 c:/altera/13.1/nios2eds/bin/gnu/h-i686-mingw32/bin/../lib/gcc/nios2-elf/4.7.3/../../../../../H-i686-mingw32/nios2-elf/lib/mno-hw-mul\libc.a(lib_a-puts.o)
 .data          0x000107f8        0x0 c:/altera/13.1/nios2eds/bin/gnu/h-i686-mingw32/bin/../lib/gcc/nios2-elf/4.7.3/../../../../../H-i686-mingw32/nios2-elf/lib/mno-hw-mul\libc.a(lib_a-strlen.o)
 .data          0x000107f8        0x0 c:/altera/13.1/nios2eds/bin/gnu/h-i686-mingw32/bin/../lib/gcc/nios2-elf/4.7.3/../../../../../H-i686-mingw32/nios2-elf/lib/mno-hw-mul\libc.a(lib_a-vfprintf.o)
 .data          0x000107f8        0x0 c:/altera/13.1/nios2eds/bin/gnu/h-i686-mingw32/bin/../lib/gcc/nios2-elf/4.7.3/../../../../../H-i686-mingw32/nios2-elf/lib/mno-hw-mul\libc.a(lib_a-wsetup.o)
 .data          0x000107f8        0x0 c:/altera/13.1/nios2eds/bin/gnu/h-i686-mingw32/bin/../lib/gcc/nios2-elf/4.7.3/../../../../../H-i686-mingw32/nios2-elf/lib/mno-hw-mul\libc.a(lib_a-__call_atexit.o)
 .data          0x000107f8        0x0 c:/altera/13.1/nios2eds/bin/gnu/h-i686-mingw32/bin/../lib/gcc/nios2-elf/4.7.3/../../../../../H-i686-mingw32/nios2-elf/lib/mno-hw-mul\libc.a(lib_a-dtoa.o)
 .data          0x000107f8        0x0 c:/altera/13.1/nios2eds/bin/gnu/h-i686-mingw32/bin/../lib/gcc/nios2-elf/4.7.3/../../../../../H-i686-mingw32/nios2-elf/lib/mno-hw-mul\libc.a(lib_a-fflush.o)
 .data          0x000107f8        0x0 c:/altera/13.1/nios2eds/bin/gnu/h-i686-mingw32/bin/../lib/gcc/nios2-elf/4.7.3/../../../../../H-i686-mingw32/nios2-elf/lib/mno-hw-mul\libc.a(lib_a-findfp.o)
 .data          0x000107f8        0x0 c:/altera/13.1/nios2eds/bin/gnu/h-i686-mingw32/bin/../lib/gcc/nios2-elf/4.7.3/../../../../../H-i686-mingw32/nios2-elf/lib/mno-hw-mul\libc.a(lib_a-freer.o)
 .data          0x000107f8        0x0 c:/altera/13.1/nios2eds/bin/gnu/h-i686-mingw32/bin/../lib/gcc/nios2-elf/4.7.3/../../../../../H-i686-mingw32/nios2-elf/lib/mno-hw-mul\libc.a(lib_a-fvwrite.o)
 .data          0x000107f8        0x0 c:/altera/13.1/nios2eds/bin/gnu/h-i686-mingw32/bin/../lib/gcc/nios2-elf/4.7.3/../../../../../H-i686-mingw32/nios2-elf/lib/mno-hw-mul\libc.a(lib_a-fwalk.o)
 .data          0x000107f8        0xc c:/altera/13.1/nios2eds/bin/gnu/h-i686-mingw32/bin/../lib/gcc/nios2-elf/4.7.3/../../../../../H-i686-mingw32/nios2-elf/lib/mno-hw-mul\libc.a(lib_a-locale.o)
                0x000107f8                __lc_ctype
 .data          0x00010804        0x0 c:/altera/13.1/nios2eds/bin/gnu/h-i686-mingw32/bin/../lib/gcc/nios2-elf/4.7.3/../../../../../H-i686-mingw32/nios2-elf/lib/mno-hw-mul\libc.a(lib_a-makebuf.o)
 .data          0x00010804      0x408 c:/altera/13.1/nios2eds/bin/gnu/h-i686-mingw32/bin/../lib/gcc/nios2-elf/4.7.3/../../../../../H-i686-mingw32/nios2-elf/lib/mno-hw-mul\libc.a(lib_a-mallocr.o)
                0x00010804                __malloc_av_
 .data          0x00010c0c        0x0 c:/altera/13.1/nios2eds/bin/gnu/h-i686-mingw32/bin/../lib/gcc/nios2-elf/4.7.3/../../../../../H-i686-mingw32/nios2-elf/lib/mno-hw-mul\libc.a(lib_a-memchr.o)
 .data          0x00010c0c        0x0 c:/altera/13.1/nios2eds/bin/gnu/h-i686-mingw32/bin/../lib/gcc/nios2-elf/4.7.3/../../../../../H-i686-mingw32/nios2-elf/lib/mno-hw-mul\libc.a(lib_a-memcpy.o)
 .data          0x00010c0c        0x0 c:/altera/13.1/nios2eds/bin/gnu/h-i686-mingw32/bin/../lib/gcc/nios2-elf/4.7.3/../../../../../H-i686-mingw32/nios2-elf/lib/mno-hw-mul\libc.a(lib_a-memmove.o)
 .data          0x00010c0c        0x0 c:/altera/13.1/nios2eds/bin/gnu/h-i686-mingw32/bin/../lib/gcc/nios2-elf/4.7.3/../../../../../H-i686-mingw32/nios2-elf/lib/mno-hw-mul\libc.a(lib_a-memset.o)
 .data          0x00010c0c        0x0 c:/altera/13.1/nios2eds/bin/gnu/h-i686-mingw32/bin/../lib/gcc/nios2-elf/4.7.3/../../../../../H-i686-mingw32/nios2-elf/lib/mno-hw-mul\libc.a(lib_a-mprec.o)
 .data          0x00010c0c        0x0 c:/altera/13.1/nios2eds/bin/gnu/h-i686-mingw32/bin/../lib/gcc/nios2-elf/4.7.3/../../../../../H-i686-mingw32/nios2-elf/lib/mno-hw-mul\libc.a(lib_a-reallocr.o)
 .data          0x00010c0c        0x0 c:/altera/13.1/nios2eds/bin/gnu/h-i686-mingw32/bin/../lib/gcc/nios2-elf/4.7.3/../../../../../H-i686-mingw32/nios2-elf/lib/mno-hw-mul\libc.a(lib_a-s_isinfd.o)
 .data          0x00010c0c        0x0 c:/altera/13.1/nios2eds/bin/gnu/h-i686-mingw32/bin/../lib/gcc/nios2-elf/4.7.3/../../../../../H-i686-mingw32/nios2-elf/lib/mno-hw-mul\libc.a(lib_a-s_isnand.o)
 .data          0x00010c0c        0x0 c:/altera/13.1/nios2eds/bin/gnu/h-i686-mingw32/bin/../lib/gcc/nios2-elf/4.7.3/../../../../../H-i686-mingw32/nios2-elf/lib/mno-hw-mul\libc.a(lib_a-sbrkr.o)
 .data          0x00010c0c        0x0 c:/altera/13.1/nios2eds/bin/gnu/h-i686-mingw32/bin/../lib/gcc/nios2-elf/4.7.3/../../../../../H-i686-mingw32/nios2-elf/lib/mno-hw-mul\libc.a(lib_a-stdio.o)
 .data          0x00010c0c        0x0 c:/altera/13.1/nios2eds/bin/gnu/h-i686-mingw32/bin/../lib/gcc/nios2-elf/4.7.3/../../../../../H-i686-mingw32/nios2-elf/lib/mno-hw-mul\libc.a(lib_a-strcmp.o)
 .data          0x00010c0c        0x0 c:/altera/13.1/nios2eds/bin/gnu/h-i686-mingw32/bin/../lib/gcc/nios2-elf/4.7.3/../../../../../H-i686-mingw32/nios2-elf/lib/mno-hw-mul\libc.a(lib_a-writer.o)
 .data          0x00010c0c        0x0 c:/altera/13.1/nios2eds/bin/gnu/h-i686-mingw32/bin/../lib/gcc/nios2-elf/4.7.3/../../../../../H-i686-mingw32/nios2-elf/lib/mno-hw-mul\libc.a(lib_a-callocr.o)
 .data          0x00010c0c        0x0 c:/altera/13.1/nios2eds/bin/gnu/h-i686-mingw32/bin/../lib/gcc/nios2-elf/4.7.3/../../../../../H-i686-mingw32/nios2-elf/lib/mno-hw-mul\libc.a(lib_a-closer.o)
 .data          0x00010c0c        0x0 c:/altera/13.1/nios2eds/bin/gnu/h-i686-mingw32/bin/../lib/gcc/nios2-elf/4.7.3/../../../../../H-i686-mingw32/nios2-elf/lib/mno-hw-mul\libc.a(lib_a-fclose.o)
 .data          0x00010c0c        0x0 c:/altera/13.1/nios2eds/bin/gnu/h-i686-mingw32/bin/../lib/gcc/nios2-elf/4.7.3/../../../../../H-i686-mingw32/nios2-elf/lib/mno-hw-mul\libc.a(lib_a-fstatr.o)
 .data          0x00010c0c        0x0 c:/altera/13.1/nios2eds/bin/gnu/h-i686-mingw32/bin/../lib/gcc/nios2-elf/4.7.3/../../../../../H-i686-mingw32/nios2-elf/lib/mno-hw-mul\libc.a(lib_a-int_errno.o)
 .data          0x00010c0c        0x0 c:/altera/13.1/nios2eds/bin/gnu/h-i686-mingw32/bin/../lib/gcc/nios2-elf/4.7.3/../../../../../H-i686-mingw32/nios2-elf/lib/mno-hw-mul\libc.a(lib_a-isattyr.o)
 .data          0x00010c0c        0x0 c:/altera/13.1/nios2eds/bin/gnu/h-i686-mingw32/bin/../lib/gcc/nios2-elf/4.7.3/../../../../../H-i686-mingw32/nios2-elf/lib/mno-hw-mul\libc.a(lib_a-lseekr.o)
 .data          0x00010c0c        0x0 c:/altera/13.1/nios2eds/bin/gnu/h-i686-mingw32/bin/../lib/gcc/nios2-elf/4.7.3/../../../../../H-i686-mingw32/nios2-elf/lib/mno-hw-mul\libc.a(lib_a-readr.o)
 .data          0x00010c0c        0x0 c:/altera/13.1/nios2eds/bin/gnu/h-i686-mingw32/bin/../lib/gcc/nios2-elf/4.7.3/mno-hw-mul\libgcc.a(_udivdi3.o)
 .data          0x00010c0c        0x0 c:/altera/13.1/nios2eds/bin/gnu/h-i686-mingw32/bin/../lib/gcc/nios2-elf/4.7.3/mno-hw-mul\libgcc.a(_umoddi3.o)
 .data          0x00010c0c        0x0 c:/altera/13.1/nios2eds/bin/gnu/h-i686-mingw32/bin/../lib/gcc/nios2-elf/4.7.3/mno-hw-mul\libgcc.a(_addsub_df.o)
 .data          0x00010c0c        0x0 c:/altera/13.1/nios2eds/bin/gnu/h-i686-mingw32/bin/../lib/gcc/nios2-elf/4.7.3/mno-hw-mul\libgcc.a(_eq_df.o)
 .data          0x00010c0c        0x0 c:/altera/13.1/nios2eds/bin/gnu/h-i686-mingw32/bin/../lib/gcc/nios2-elf/4.7.3/mno-hw-mul\libgcc.a(_ne_df.o)
 .data          0x00010c0c        0x0 c:/altera/13.1/nios2eds/bin/gnu/h-i686-mingw32/bin/../lib/gcc/nios2-elf/4.7.3/mno-hw-mul\libgcc.a(_gt_df.o)
 .data          0x00010c0c        0x0 c:/altera/13.1/nios2eds/bin/gnu/h-i686-mingw32/bin/../lib/gcc/nios2-elf/4.7.3/mno-hw-mul\libgcc.a(_ge_df.o)
 .data          0x00010c0c        0x0 c:/altera/13.1/nios2eds/bin/gnu/h-i686-mingw32/bin/../lib/gcc/nios2-elf/4.7.3/mno-hw-mul\libgcc.a(_lt_df.o)
 .data          0x00010c0c        0x0 c:/altera/13.1/nios2eds/bin/gnu/h-i686-mingw32/bin/../lib/gcc/nios2-elf/4.7.3/mno-hw-mul\libgcc.a(_si_to_df.o)
 .data          0x00010c0c        0x0 c:/altera/13.1/nios2eds/bin/gnu/h-i686-mingw32/bin/../lib/gcc/nios2-elf/4.7.3/mno-hw-mul\libgcc.a(_df_to_si.o)
 .data          0x00010c0c        0x0 c:/altera/13.1/nios2eds/bin/gnu/h-i686-mingw32/bin/../lib/gcc/nios2-elf/4.7.3/mno-hw-mul\libgcc.a(lib2-divmod.o)
 .data          0x00010c0c        0x0 c:/altera/13.1/nios2eds/bin/gnu/h-i686-mingw32/bin/../lib/gcc/nios2-elf/4.7.3/mno-hw-mul\libgcc.a(_fpcmp_parts_df.o)
 .data          0x00010c0c        0x0 ../Consumer_bsp/\libhal_bsp.a(alt_close.o)
 .data          0x00010c0c      0x1a8 ../Consumer_bsp/\libhal_bsp.a(alt_dev.o)
                0x00010c0c                alt_dev_null
                0x00010c34                alt_fd_list
 .data          0x00010db4        0x0 ../Consumer_bsp/\libhal_bsp.a(alt_errno.o)
 .data          0x00010db4        0x0 ../Consumer_bsp/\libhal_bsp.a(alt_exit.o)
 .data          0x00010db4        0x0 ../Consumer_bsp/\libhal_bsp.a(alt_fstat.o)
 .data          0x00010db4        0x0 ../Consumer_bsp/\libhal_bsp.a(alt_isatty.o)
 .data          0x00010db4        0x0 ../Consumer_bsp/\libhal_bsp.a(alt_load.o)
 .data          0x00010db4        0x0 ../Consumer_bsp/\libhal_bsp.a(alt_lseek.o)
 .data          0x00010db4        0x0 ../Consumer_bsp/\libhal_bsp.a(alt_main.o)
 .data          0x00010db4        0x0 ../Consumer_bsp/\libhal_bsp.a(alt_malloc_lock.o)
 .data          0x00010db4        0x0 ../Consumer_bsp/\libhal_bsp.a(alt_read.o)
 .data          0x00010db4        0x0 ../Consumer_bsp/\libhal_bsp.a(alt_release_fd.o)
 .data          0x00010db4        0x0 ../Consumer_bsp/\libhal_bsp.a(alt_sbrk.o)
 .data          0x00010db4        0x0 ../Consumer_bsp/\libhal_bsp.a(alt_write.o)
 .data          0x00010db4     0x1060 ../Consumer_bsp/\libhal_bsp.a(alt_sys_init.o)
 .data          0x00011e14        0x0 ../Consumer_bsp/\libhal_bsp.a(altera_avalon_jtag_uart_fd.o)
 .data          0x00011e14        0x0 ../Consumer_bsp/\libhal_bsp.a(altera_avalon_jtag_uart_init.o)
 .data          0x00011e14        0x0 ../Consumer_bsp/\libhal_bsp.a(altera_avalon_jtag_uart_ioctl.o)
 .data          0x00011e14        0x0 ../Consumer_bsp/\libhal_bsp.a(altera_avalon_jtag_uart_read.o)
 .data          0x00011e14        0x0 ../Consumer_bsp/\libhal_bsp.a(altera_avalon_jtag_uart_write.o)
 .data          0x00011e14        0x0 ../Consumer_bsp/\libhal_bsp.a(altera_avalon_timer_sc.o)
 .data          0x00011e14        0x0 ../Consumer_bsp/\libhal_bsp.a(altera_avalon_timer_ts.o)
 .data          0x00011e14        0x0 ../Consumer_bsp/\libhal_bsp.a(altera_avalon_timer_vars.o)
 .data          0x00011e14        0x0 ../Consumer_bsp/\libhal_bsp.a(alt_alarm_start.o)
 .data          0x00011e14        0x0 ../Consumer_bsp/\libhal_bsp.a(alt_dcache_flush_all.o)
 .data          0x00011e14        0x0 ../Consumer_bsp/\libhal_bsp.a(alt_dev_llist_insert.o)
 .data          0x00011e14        0x0 ../Consumer_bsp/\libhal_bsp.a(alt_do_ctors.o)
 .data          0x00011e14        0x0 ../Consumer_bsp/\libhal_bsp.a(alt_do_dtors.o)
 .data          0x00011e14        0x0 ../Consumer_bsp/\libhal_bsp.a(alt_icache_flush_all.o)
 .data          0x00011e14        0x0 ../Consumer_bsp/\libhal_bsp.a(alt_iic.o)
 .data          0x00011e14        0x0 ../Consumer_bsp/\libhal_bsp.a(alt_iic_isr_register.o)
 .data          0x00011e14        0x0 ../Consumer_bsp/\libhal_bsp.a(alt_io_redirect.o)
 .data          0x00011e14        0x0 ../Consumer_bsp/\libhal_bsp.a(alt_irq_entry.o)
 .data          0x00011e14        0x0 ../Consumer_bsp/\libhal_bsp.a(alt_irq_handler.o)
 .data          0x00011e14        0x0 ../Consumer_bsp/\libhal_bsp.a(alt_irq_vars.o)
 .data          0x00011e14        0x0 ../Consumer_bsp/\libhal_bsp.a(alt_open.o)
 .data          0x00011e14        0x0 ../Consumer_bsp/\libhal_bsp.a(alt_tick.o)
 .data          0x00011e14        0x0 ../Consumer_bsp/\libhal_bsp.a(altera_nios2_qsys_irq.o)
 .data          0x00011e14        0x0 ../Consumer_bsp/\libhal_bsp.a(alt_exception_entry.o)
 .data          0x00011e14        0x0 ../Consumer_bsp/\libhal_bsp.a(alt_find_dev.o)
 .data          0x00011e14        0x0 ../Consumer_bsp/\libhal_bsp.a(alt_find_file.o)
 .data          0x00011e14        0x0 ../Consumer_bsp/\libhal_bsp.a(alt_get_fd.o)
 .data          0x00011e14        0x0 c:/altera/13.1/nios2eds/bin/gnu/h-i686-mingw32/bin/../lib/gcc/nios2-elf/4.7.3/../../../../../H-i686-mingw32/nios2-elf/lib/mno-hw-mul\libc.a(lib_a-atexit.o)
 .data          0x00011e14        0x0 c:/altera/13.1/nios2eds/bin/gnu/h-i686-mingw32/bin/../lib/gcc/nios2-elf/4.7.3/../../../../../H-i686-mingw32/nios2-elf/lib/mno-hw-mul\libc.a(lib_a-memcmp.o)
 .data          0x00011e14        0x0 c:/altera/13.1/nios2eds/bin/gnu/h-i686-mingw32/bin/../lib/gcc/nios2-elf/4.7.3/../../../../../H-i686-mingw32/nios2-elf/lib/mno-hw-mul\libc.a(lib_a-__atexit.o)
                0x00019e14                _gp = ABSOLUTE ((. + 0x8000))
                0x00019e14                PROVIDE (gp, _gp)
 *(.rwdata .rwdata.*)
 *(.sdata .sdata.* .gnu.linkonce.s.*)
 .sdata         0x00011e14        0x8 c:/altera/13.1/nios2eds/bin/gnu/h-i686-mingw32/bin/../lib/gcc/nios2-elf/4.7.3/../../../../../H-i686-mingw32/nios2-elf/lib/mno-hw-mul\libc.a(lib_a-impure.o)
                0x00011e14                _global_impure_ptr
                0x00011e18                _impure_ptr
 .sdata         0x00011e1c        0x4 c:/altera/13.1/nios2eds/bin/gnu/h-i686-mingw32/bin/../lib/gcc/nios2-elf/4.7.3/../../../../../H-i686-mingw32/nios2-elf/lib/mno-hw-mul\libc.a(lib_a-locale.o)
                0x00011e1c                __mb_cur_max
 .sdata         0x00011e20        0x8 c:/altera/13.1/nios2eds/bin/gnu/h-i686-mingw32/bin/../lib/gcc/nios2-elf/4.7.3/../../../../../H-i686-mingw32/nios2-elf/lib/mno-hw-mul\libc.a(lib_a-mallocr.o)
                0x00011e20                __malloc_sbrk_base
                0x00011e24                __malloc_trim_threshold
 .sdata         0x00011e28       0x14 ../Consumer_bsp/\libhal_bsp.a(alt_dev.o)
                0x00011e28                alt_fs_list
                0x00011e30                alt_dev_list
                0x00011e38                alt_max_fd
 .sdata         0x00011e3c        0x4 ../Consumer_bsp/\libhal_bsp.a(alt_errno.o)
                0x00011e3c                alt_errno
 .sdata         0x00011e40        0x4 ../Consumer_bsp/\libhal_bsp.a(alt_sbrk.o)
 .sdata         0x00011e44        0x4 ../Consumer_bsp/\libhal_bsp.a(alt_irq_vars.o)
                0x00011e44                alt_priority_mask
 .sdata         0x00011e48        0x8 ../Consumer_bsp/\libhal_bsp.a(alt_tick.o)
                0x00011e48                alt_alarm_list
 *(.sdata2 .sdata2.* .gnu.linkonce.s2.*)
                0x00011e50                . = ALIGN (0x4)
                0x00011e50                _edata = ABSOLUTE (.)
                0x00011e50                PROVIDE (edata, ABSOLUTE (.))
                0x00011e50                PROVIDE (__ram_rwdata_end, ABSOLUTE (.))
                0x0006cb00                PROVIDE (__flash_rwdata_start, LOADADDR (.rwdata))

.bss            0x00011e50      0x308 load address 0x0006e558
                0x00011e50                __bss_start = ABSOLUTE (.)
                0x00011e50                PROVIDE (__sbss_start, ABSOLUTE (.))
                0x00011e50                PROVIDE (___sbss_start, ABSOLUTE (.))
 *(.dynsbss)
 *(.sbss .sbss.* .gnu.linkonce.sb.*)
 .sbss          0x00011e50       0x14 obj/default/FIFO_1.o
                0x00011e50                writep
                0x00011e54                fullp
                0x00011e58                readpp
                0x00011e5c                emptyp
                0x00011e60                countp
 .sbss          0x00011e64        0xc c:/altera/13.1/nios2eds/bin/gnu/h-i686-mingw32/bin/../lib/gcc/nios2-elf/4.7.3/../../../../../H-i686-mingw32/nios2-elf/lib/mno-hw-mul\libc.a(lib_a-locale.o)
                0x00011e64                _PathLocale
                0x00011e68                __mlocale_changed
                0x00011e6c                __nlocale_changed
 .sbss          0x00011e70        0xc c:/altera/13.1/nios2eds/bin/gnu/h-i686-mingw32/bin/../lib/gcc/nios2-elf/4.7.3/../../../../../H-i686-mingw32/nios2-elf/lib/mno-hw-mul\libc.a(lib_a-mallocr.o)
                0x00011e70                __malloc_max_total_mem
                0x00011e74                __malloc_max_sbrked_mem
                0x00011e78                __malloc_top_pad
 .sbss          0x00011e7c        0x4 c:/altera/13.1/nios2eds/bin/gnu/h-i686-mingw32/bin/../lib/gcc/nios2-elf/4.7.3/../../../../../H-i686-mingw32/nios2-elf/lib/mno-hw-mul\libc.a(lib_a-int_errno.o)
                0x00011e7c                errno
 .sbss          0x00011e80        0xc ../Consumer_bsp/\libhal_bsp.a(alt_main.o)
                0x00011e80                alt_argc
                0x00011e84                alt_argv
                0x00011e88                alt_envp
 .sbss          0x00011e8c        0x8 ../Consumer_bsp/\libhal_bsp.a(altera_avalon_timer_vars.o)
                0x00011e8c                altera_avalon_timer_ts_base
                0x00011e90                altera_avalon_timer_ts_freq
 .sbss          0x00011e94        0x4 ../Consumer_bsp/\libhal_bsp.a(alt_irq_vars.o)
                0x00011e94                alt_irq_active
 .sbss          0x00011e98        0x8 ../Consumer_bsp/\libhal_bsp.a(alt_tick.o)
                0x00011e98                _alt_tick_rate
                0x00011e9c                _alt_nticks
 *(.sbss2 .sbss2.* .gnu.linkonce.sb2.*)
 *(.scommon)
                0x00011ea0                PROVIDE (__sbss_end, ABSOLUTE (.))
                0x00011ea0                PROVIDE (___sbss_end, ABSOLUTE (.))
 *(.dynbss)
 *(.bss .bss.* .gnu.linkonce.b.*)
 .bss           0x00011ea0        0x0 ../Consumer_bsp//obj/HAL/src/crt0.o
 .bss           0x00011ea0        0x0 obj/default/FIFO_1.o
 .bss           0x00011ea0        0x0 obj/default/consumer.o
 .bss           0x00011ea0        0x0 c:/altera/13.1/nios2eds/bin/gnu/h-i686-mingw32/bin/../lib/gcc/nios2-elf/4.7.3/mno-hw-mul\libgcc.a(_mul_df.o)
 .bss           0x00011ea0        0x0 c:/altera/13.1/nios2eds/bin/gnu/h-i686-mingw32/bin/../lib/gcc/nios2-elf/4.7.3/mno-hw-mul\libgcc.a(_div_df.o)
 .bss           0x00011ea0        0x0 c:/altera/13.1/nios2eds/bin/gnu/h-i686-mingw32/bin/../lib/gcc/nios2-elf/4.7.3/mno-hw-mul\libgcc.a(_thenan_df.o)
 .bss           0x00011ea0        0x0 c:/altera/13.1/nios2eds/bin/gnu/h-i686-mingw32/bin/../lib/gcc/nios2-elf/4.7.3/mno-hw-mul\libgcc.a(_usi_to_df.o)
 .bss           0x00011ea0        0x0 c:/altera/13.1/nios2eds/bin/gnu/h-i686-mingw32/bin/../lib/gcc/nios2-elf/4.7.3/mno-hw-mul\libgcc.a(_muldi3.o)
 .bss           0x00011ea0        0x0 c:/altera/13.1/nios2eds/bin/gnu/h-i686-mingw32/bin/../lib/gcc/nios2-elf/4.7.3/mno-hw-mul\libgcc.a(_clzsi2.o)
 .bss           0x00011ea0        0x0 c:/altera/13.1/nios2eds/bin/gnu/h-i686-mingw32/bin/../lib/gcc/nios2-elf/4.7.3/mno-hw-mul\libgcc.a(_pack_df.o)
 .bss           0x00011ea0        0x0 c:/altera/13.1/nios2eds/bin/gnu/h-i686-mingw32/bin/../lib/gcc/nios2-elf/4.7.3/mno-hw-mul\libgcc.a(_unpack_df.o)
 .bss           0x00011ea0        0x0 c:/altera/13.1/nios2eds/bin/gnu/h-i686-mingw32/bin/../lib/gcc/nios2-elf/4.7.3/mno-hw-mul\libgcc.a(lib2-mul.o)
 .bss           0x00011ea0        0x0 c:/altera/13.1/nios2eds/bin/gnu/h-i686-mingw32/bin/../lib/gcc/nios2-elf/4.7.3/mno-hw-mul\libgcc.a(_lshrdi3.o)
 .bss           0x00011ea0        0x0 c:/altera/13.1/nios2eds/bin/gnu/h-i686-mingw32/bin/../lib/gcc/nios2-elf/4.7.3/mno-hw-mul\libgcc.a(_ashldi3.o)
 .bss           0x00011ea0        0x0 c:/altera/13.1/nios2eds/bin/gnu/h-i686-mingw32/bin/../lib/gcc/nios2-elf/4.7.3/mno-hw-mul\libgcc.a(_clz.o)
 .bss           0x00011ea0        0x0 c:/altera/13.1/nios2eds/bin/gnu/h-i686-mingw32/bin/../lib/gcc/nios2-elf/4.7.3/../../../../../H-i686-mingw32/nios2-elf/lib/mno-hw-mul\libc.a(lib_a-exit.o)
 .bss           0x00011ea0        0x0 c:/altera/13.1/nios2eds/bin/gnu/h-i686-mingw32/bin/../lib/gcc/nios2-elf/4.7.3/../../../../../H-i686-mingw32/nios2-elf/lib/mno-hw-mul\libc.a(lib_a-impure.o)
 .bss           0x00011ea0        0x0 c:/altera/13.1/nios2eds/bin/gnu/h-i686-mingw32/bin/../lib/gcc/nios2-elf/4.7.3/../../../../../H-i686-mingw32/nios2-elf/lib/mno-hw-mul\libc.a(lib_a-printf.o)
 .bss           0x00011ea0        0x0 c:/altera/13.1/nios2eds/bin/gnu/h-i686-mingw32/bin/../lib/gcc/nios2-elf/4.7.3/../../../../../H-i686-mingw32/nios2-elf/lib/mno-hw-mul\libc.a(lib_a-puts.o)
 .bss           0x00011ea0        0x0 c:/altera/13.1/nios2eds/bin/gnu/h-i686-mingw32/bin/../lib/gcc/nios2-elf/4.7.3/../../../../../H-i686-mingw32/nios2-elf/lib/mno-hw-mul\libc.a(lib_a-strlen.o)
 .bss           0x00011ea0        0x0 c:/altera/13.1/nios2eds/bin/gnu/h-i686-mingw32/bin/../lib/gcc/nios2-elf/4.7.3/../../../../../H-i686-mingw32/nios2-elf/lib/mno-hw-mul\libc.a(lib_a-vfprintf.o)
 .bss           0x00011ea0        0x0 c:/altera/13.1/nios2eds/bin/gnu/h-i686-mingw32/bin/../lib/gcc/nios2-elf/4.7.3/../../../../../H-i686-mingw32/nios2-elf/lib/mno-hw-mul\libc.a(lib_a-wsetup.o)
 .bss           0x00011ea0        0x0 c:/altera/13.1/nios2eds/bin/gnu/h-i686-mingw32/bin/../lib/gcc/nios2-elf/4.7.3/../../../../../H-i686-mingw32/nios2-elf/lib/mno-hw-mul\libc.a(lib_a-__call_atexit.o)
 .bss           0x00011ea0        0x0 c:/altera/13.1/nios2eds/bin/gnu/h-i686-mingw32/bin/../lib/gcc/nios2-elf/4.7.3/../../../../../H-i686-mingw32/nios2-elf/lib/mno-hw-mul\libc.a(lib_a-dtoa.o)
 .bss           0x00011ea0        0x0 c:/altera/13.1/nios2eds/bin/gnu/h-i686-mingw32/bin/../lib/gcc/nios2-elf/4.7.3/../../../../../H-i686-mingw32/nios2-elf/lib/mno-hw-mul\libc.a(lib_a-fflush.o)
 .bss           0x00011ea0        0x0 c:/altera/13.1/nios2eds/bin/gnu/h-i686-mingw32/bin/../lib/gcc/nios2-elf/4.7.3/../../../../../H-i686-mingw32/nios2-elf/lib/mno-hw-mul\libc.a(lib_a-findfp.o)
 .bss           0x00011ea0        0x0 c:/altera/13.1/nios2eds/bin/gnu/h-i686-mingw32/bin/../lib/gcc/nios2-elf/4.7.3/../../../../../H-i686-mingw32/nios2-elf/lib/mno-hw-mul\libc.a(lib_a-freer.o)
 .bss           0x00011ea0        0x0 c:/altera/13.1/nios2eds/bin/gnu/h-i686-mingw32/bin/../lib/gcc/nios2-elf/4.7.3/../../../../../H-i686-mingw32/nios2-elf/lib/mno-hw-mul\libc.a(lib_a-fvwrite.o)
 .bss           0x00011ea0        0x0 c:/altera/13.1/nios2eds/bin/gnu/h-i686-mingw32/bin/../lib/gcc/nios2-elf/4.7.3/../../../../../H-i686-mingw32/nios2-elf/lib/mno-hw-mul\libc.a(lib_a-fwalk.o)
 .bss           0x00011ea0        0x0 c:/altera/13.1/nios2eds/bin/gnu/h-i686-mingw32/bin/../lib/gcc/nios2-elf/4.7.3/../../../../../H-i686-mingw32/nios2-elf/lib/mno-hw-mul\libc.a(lib_a-locale.o)
 .bss           0x00011ea0        0x0 c:/altera/13.1/nios2eds/bin/gnu/h-i686-mingw32/bin/../lib/gcc/nios2-elf/4.7.3/../../../../../H-i686-mingw32/nios2-elf/lib/mno-hw-mul\libc.a(lib_a-makebuf.o)
 .bss           0x00011ea0       0x28 c:/altera/13.1/nios2eds/bin/gnu/h-i686-mingw32/bin/../lib/gcc/nios2-elf/4.7.3/../../../../../H-i686-mingw32/nios2-elf/lib/mno-hw-mul\libc.a(lib_a-mallocr.o)
                0x00011ea0                __malloc_current_mallinfo
 .bss           0x00011ec8        0x0 c:/altera/13.1/nios2eds/bin/gnu/h-i686-mingw32/bin/../lib/gcc/nios2-elf/4.7.3/../../../../../H-i686-mingw32/nios2-elf/lib/mno-hw-mul\libc.a(lib_a-memchr.o)
 .bss           0x00011ec8        0x0 c:/altera/13.1/nios2eds/bin/gnu/h-i686-mingw32/bin/../lib/gcc/nios2-elf/4.7.3/../../../../../H-i686-mingw32/nios2-elf/lib/mno-hw-mul\libc.a(lib_a-memcpy.o)
 .bss           0x00011ec8        0x0 c:/altera/13.1/nios2eds/bin/gnu/h-i686-mingw32/bin/../lib/gcc/nios2-elf/4.7.3/../../../../../H-i686-mingw32/nios2-elf/lib/mno-hw-mul\libc.a(lib_a-memmove.o)
 .bss           0x00011ec8        0x0 c:/altera/13.1/nios2eds/bin/gnu/h-i686-mingw32/bin/../lib/gcc/nios2-elf/4.7.3/../../../../../H-i686-mingw32/nios2-elf/lib/mno-hw-mul\libc.a(lib_a-memset.o)
 .bss           0x00011ec8        0x0 c:/altera/13.1/nios2eds/bin/gnu/h-i686-mingw32/bin/../lib/gcc/nios2-elf/4.7.3/../../../../../H-i686-mingw32/nios2-elf/lib/mno-hw-mul\libc.a(lib_a-mprec.o)
 .bss           0x00011ec8        0x0 c:/altera/13.1/nios2eds/bin/gnu/h-i686-mingw32/bin/../lib/gcc/nios2-elf/4.7.3/../../../../../H-i686-mingw32/nios2-elf/lib/mno-hw-mul\libc.a(lib_a-reallocr.o)
 .bss           0x00011ec8        0x0 c:/altera/13.1/nios2eds/bin/gnu/h-i686-mingw32/bin/../lib/gcc/nios2-elf/4.7.3/../../../../../H-i686-mingw32/nios2-elf/lib/mno-hw-mul\libc.a(lib_a-s_isinfd.o)
 .bss           0x00011ec8        0x0 c:/altera/13.1/nios2eds/bin/gnu/h-i686-mingw32/bin/../lib/gcc/nios2-elf/4.7.3/../../../../../H-i686-mingw32/nios2-elf/lib/mno-hw-mul\libc.a(lib_a-s_isnand.o)
 .bss           0x00011ec8        0x0 c:/altera/13.1/nios2eds/bin/gnu/h-i686-mingw32/bin/../lib/gcc/nios2-elf/4.7.3/../../../../../H-i686-mingw32/nios2-elf/lib/mno-hw-mul\libc.a(lib_a-sbrkr.o)
 .bss           0x00011ec8        0x0 c:/altera/13.1/nios2eds/bin/gnu/h-i686-mingw32/bin/../lib/gcc/nios2-elf/4.7.3/../../../../../H-i686-mingw32/nios2-elf/lib/mno-hw-mul\libc.a(lib_a-stdio.o)
 .bss           0x00011ec8        0x0 c:/altera/13.1/nios2eds/bin/gnu/h-i686-mingw32/bin/../lib/gcc/nios2-elf/4.7.3/../../../../../H-i686-mingw32/nios2-elf/lib/mno-hw-mul\libc.a(lib_a-strcmp.o)
 .bss           0x00011ec8        0x0 c:/altera/13.1/nios2eds/bin/gnu/h-i686-mingw32/bin/../lib/gcc/nios2-elf/4.7.3/../../../../../H-i686-mingw32/nios2-elf/lib/mno-hw-mul\libc.a(lib_a-writer.o)
 .bss           0x00011ec8        0x0 c:/altera/13.1/nios2eds/bin/gnu/h-i686-mingw32/bin/../lib/gcc/nios2-elf/4.7.3/../../../../../H-i686-mingw32/nios2-elf/lib/mno-hw-mul\libc.a(lib_a-callocr.o)
 .bss           0x00011ec8        0x0 c:/altera/13.1/nios2eds/bin/gnu/h-i686-mingw32/bin/../lib/gcc/nios2-elf/4.7.3/../../../../../H-i686-mingw32/nios2-elf/lib/mno-hw-mul\libc.a(lib_a-closer.o)
 .bss           0x00011ec8        0x0 c:/altera/13.1/nios2eds/bin/gnu/h-i686-mingw32/bin/../lib/gcc/nios2-elf/4.7.3/../../../../../H-i686-mingw32/nios2-elf/lib/mno-hw-mul\libc.a(lib_a-fclose.o)
 .bss           0x00011ec8        0x0 c:/altera/13.1/nios2eds/bin/gnu/h-i686-mingw32/bin/../lib/gcc/nios2-elf/4.7.3/../../../../../H-i686-mingw32/nios2-elf/lib/mno-hw-mul\libc.a(lib_a-fstatr.o)
 .bss           0x00011ec8        0x0 c:/altera/13.1/nios2eds/bin/gnu/h-i686-mingw32/bin/../lib/gcc/nios2-elf/4.7.3/../../../../../H-i686-mingw32/nios2-elf/lib/mno-hw-mul\libc.a(lib_a-int_errno.o)
 .bss           0x00011ec8        0x0 c:/altera/13.1/nios2eds/bin/gnu/h-i686-mingw32/bin/../lib/gcc/nios2-elf/4.7.3/../../../../../H-i686-mingw32/nios2-elf/lib/mno-hw-mul\libc.a(lib_a-isattyr.o)
 .bss           0x00011ec8        0x0 c:/altera/13.1/nios2eds/bin/gnu/h-i686-mingw32/bin/../lib/gcc/nios2-elf/4.7.3/../../../../../H-i686-mingw32/nios2-elf/lib/mno-hw-mul\libc.a(lib_a-lseekr.o)
 .bss           0x00011ec8        0x0 c:/altera/13.1/nios2eds/bin/gnu/h-i686-mingw32/bin/../lib/gcc/nios2-elf/4.7.3/../../../../../H-i686-mingw32/nios2-elf/lib/mno-hw-mul\libc.a(lib_a-readr.o)
 .bss           0x00011ec8        0x0 c:/altera/13.1/nios2eds/bin/gnu/h-i686-mingw32/bin/../lib/gcc/nios2-elf/4.7.3/mno-hw-mul\libgcc.a(_udivdi3.o)
 .bss           0x00011ec8        0x0 c:/altera/13.1/nios2eds/bin/gnu/h-i686-mingw32/bin/../lib/gcc/nios2-elf/4.7.3/mno-hw-mul\libgcc.a(_umoddi3.o)
 .bss           0x00011ec8        0x0 c:/altera/13.1/nios2eds/bin/gnu/h-i686-mingw32/bin/../lib/gcc/nios2-elf/4.7.3/mno-hw-mul\libgcc.a(_addsub_df.o)
 .bss           0x00011ec8        0x0 c:/altera/13.1/nios2eds/bin/gnu/h-i686-mingw32/bin/../lib/gcc/nios2-elf/4.7.3/mno-hw-mul\libgcc.a(_eq_df.o)
 .bss           0x00011ec8        0x0 c:/altera/13.1/nios2eds/bin/gnu/h-i686-mingw32/bin/../lib/gcc/nios2-elf/4.7.3/mno-hw-mul\libgcc.a(_ne_df.o)
 .bss           0x00011ec8        0x0 c:/altera/13.1/nios2eds/bin/gnu/h-i686-mingw32/bin/../lib/gcc/nios2-elf/4.7.3/mno-hw-mul\libgcc.a(_gt_df.o)
 .bss           0x00011ec8        0x0 c:/altera/13.1/nios2eds/bin/gnu/h-i686-mingw32/bin/../lib/gcc/nios2-elf/4.7.3/mno-hw-mul\libgcc.a(_ge_df.o)
 .bss           0x00011ec8        0x0 c:/altera/13.1/nios2eds/bin/gnu/h-i686-mingw32/bin/../lib/gcc/nios2-elf/4.7.3/mno-hw-mul\libgcc.a(_lt_df.o)
 .bss           0x00011ec8        0x0 c:/altera/13.1/nios2eds/bin/gnu/h-i686-mingw32/bin/../lib/gcc/nios2-elf/4.7.3/mno-hw-mul\libgcc.a(_si_to_df.o)
 .bss           0x00011ec8        0x0 c:/altera/13.1/nios2eds/bin/gnu/h-i686-mingw32/bin/../lib/gcc/nios2-elf/4.7.3/mno-hw-mul\libgcc.a(_df_to_si.o)
 .bss           0x00011ec8        0x0 c:/altera/13.1/nios2eds/bin/gnu/h-i686-mingw32/bin/../lib/gcc/nios2-elf/4.7.3/mno-hw-mul\libgcc.a(lib2-divmod.o)
 .bss           0x00011ec8        0x0 c:/altera/13.1/nios2eds/bin/gnu/h-i686-mingw32/bin/../lib/gcc/nios2-elf/4.7.3/mno-hw-mul\libgcc.a(_fpcmp_parts_df.o)
 .bss           0x00011ec8        0x0 ../Consumer_bsp/\libhal_bsp.a(alt_close.o)
 .bss           0x00011ec8        0x0 ../Consumer_bsp/\libhal_bsp.a(alt_dev.o)
 .bss           0x00011ec8        0x0 ../Consumer_bsp/\libhal_bsp.a(alt_errno.o)
 .bss           0x00011ec8        0x0 ../Consumer_bsp/\libhal_bsp.a(alt_exit.o)
 .bss           0x00011ec8        0x0 ../Consumer_bsp/\libhal_bsp.a(alt_fstat.o)
 .bss           0x00011ec8        0x0 ../Consumer_bsp/\libhal_bsp.a(alt_isatty.o)
 .bss           0x00011ec8        0x0 ../Consumer_bsp/\libhal_bsp.a(alt_load.o)
 .bss           0x00011ec8        0x0 ../Consumer_bsp/\libhal_bsp.a(alt_lseek.o)
 .bss           0x00011ec8        0x0 ../Consumer_bsp/\libhal_bsp.a(alt_main.o)
 .bss           0x00011ec8        0x0 ../Consumer_bsp/\libhal_bsp.a(alt_malloc_lock.o)
 .bss           0x00011ec8        0x0 ../Consumer_bsp/\libhal_bsp.a(alt_read.o)
 .bss           0x00011ec8        0x0 ../Consumer_bsp/\libhal_bsp.a(alt_release_fd.o)
 .bss           0x00011ec8        0x0 ../Consumer_bsp/\libhal_bsp.a(alt_sbrk.o)
 .bss           0x00011ec8        0x0 ../Consumer_bsp/\libhal_bsp.a(alt_write.o)
 .bss           0x00011ec8        0x0 ../Consumer_bsp/\libhal_bsp.a(alt_sys_init.o)
 .bss           0x00011ec8        0x0 ../Consumer_bsp/\libhal_bsp.a(altera_avalon_jtag_uart_fd.o)
 .bss           0x00011ec8        0x0 ../Consumer_bsp/\libhal_bsp.a(altera_avalon_jtag_uart_init.o)
 .bss           0x00011ec8        0x0 ../Consumer_bsp/\libhal_bsp.a(altera_avalon_jtag_uart_ioctl.o)
 .bss           0x00011ec8        0x0 ../Consumer_bsp/\libhal_bsp.a(altera_avalon_jtag_uart_read.o)
 .bss           0x00011ec8        0x0 ../Consumer_bsp/\libhal_bsp.a(altera_avalon_jtag_uart_write.o)
 .bss           0x00011ec8        0x0 ../Consumer_bsp/\libhal_bsp.a(altera_avalon_timer_sc.o)
 .bss           0x00011ec8        0x0 ../Consumer_bsp/\libhal_bsp.a(altera_avalon_timer_ts.o)
 .bss           0x00011ec8        0x0 ../Consumer_bsp/\libhal_bsp.a(altera_avalon_timer_vars.o)
 .bss           0x00011ec8        0x0 ../Consumer_bsp/\libhal_bsp.a(alt_alarm_start.o)
 .bss           0x00011ec8        0x0 ../Consumer_bsp/\libhal_bsp.a(alt_dcache_flush_all.o)
 .bss           0x00011ec8        0x0 ../Consumer_bsp/\libhal_bsp.a(alt_dev_llist_insert.o)
 .bss           0x00011ec8        0x0 ../Consumer_bsp/\libhal_bsp.a(alt_do_ctors.o)
 .bss           0x00011ec8        0x0 ../Consumer_bsp/\libhal_bsp.a(alt_do_dtors.o)
 .bss           0x00011ec8        0x0 ../Consumer_bsp/\libhal_bsp.a(alt_icache_flush_all.o)
 .bss           0x00011ec8        0x0 ../Consumer_bsp/\libhal_bsp.a(alt_iic.o)
 .bss           0x00011ec8        0x0 ../Consumer_bsp/\libhal_bsp.a(alt_iic_isr_register.o)
 .bss           0x00011ec8        0x0 ../Consumer_bsp/\libhal_bsp.a(alt_io_redirect.o)
 .bss           0x00011ec8        0x0 ../Consumer_bsp/\libhal_bsp.a(alt_irq_entry.o)
 .bss           0x00011ec8        0x0 ../Consumer_bsp/\libhal_bsp.a(alt_irq_handler.o)
 .bss           0x00011ec8        0x0 ../Consumer_bsp/\libhal_bsp.a(alt_irq_vars.o)
 .bss           0x00011ec8        0x0 ../Consumer_bsp/\libhal_bsp.a(alt_open.o)
 .bss           0x00011ec8        0x0 ../Consumer_bsp/\libhal_bsp.a(alt_tick.o)
 .bss           0x00011ec8        0x0 ../Consumer_bsp/\libhal_bsp.a(altera_nios2_qsys_irq.o)
 .bss           0x00011ec8        0x0 ../Consumer_bsp/\libhal_bsp.a(alt_exception_entry.o)
 .bss           0x00011ec8        0x0 ../Consumer_bsp/\libhal_bsp.a(alt_find_dev.o)
 .bss           0x00011ec8        0x0 ../Consumer_bsp/\libhal_bsp.a(alt_find_file.o)
 .bss           0x00011ec8        0x0 ../Consumer_bsp/\libhal_bsp.a(alt_get_fd.o)
 .bss           0x00011ec8        0x0 c:/altera/13.1/nios2eds/bin/gnu/h-i686-mingw32/bin/../lib/gcc/nios2-elf/4.7.3/../../../../../H-i686-mingw32/nios2-elf/lib/mno-hw-mul\libc.a(lib_a-atexit.o)
 .bss           0x00011ec8        0x0 c:/altera/13.1/nios2eds/bin/gnu/h-i686-mingw32/bin/../lib/gcc/nios2-elf/4.7.3/../../../../../H-i686-mingw32/nios2-elf/lib/mno-hw-mul\libc.a(lib_a-memcmp.o)
 .bss           0x00011ec8        0x0 c:/altera/13.1/nios2eds/bin/gnu/h-i686-mingw32/bin/../lib/gcc/nios2-elf/4.7.3/../../../../../H-i686-mingw32/nios2-elf/lib/mno-hw-mul\libc.a(lib_a-__atexit.o)
 *(COMMON)
 COMMON         0x00011ec8      0x100 ../Consumer_bsp/\libhal_bsp.a(alt_irq_handler.o)
                0x00011ec8                alt_irq
 COMMON         0x00011fc8      0x190 c:/altera/13.1/nios2eds/bin/gnu/h-i686-mingw32/bin/../lib/gcc/nios2-elf/4.7.3/../../../../../H-i686-mingw32/nios2-elf/lib/mno-hw-mul\libc.a(lib_a-atexit.o)
                0x00011fc8                _atexit0
                0x00012158                . = ALIGN (0x4)
                0x00012158                __bss_end = ABSOLUTE (.)

.memory_shared  0x00020000        0x0 load address 0x0006e558
                0x00020000                PROVIDE (_alt_partition_memory_shared_start, ABSOLUTE (.))
 *(.memory_shared .memory_shared. memory_shared.*)
                0x00020000                . = ALIGN (0x4)
                0x00020000                PROVIDE (_alt_partition_memory_shared_end, ABSOLUTE (.))
                0x0006e558                PROVIDE (_alt_partition_memory_shared_load_addr, LOADADDR (.memory_shared))

.memory_1       0x0006e558        0x0
                0x0006e558                PROVIDE (_alt_partition_memory_1_start, ABSOLUTE (.))
 *(.memory_1 .memory_1. memory_1.*)
                0x0006e558                . = ALIGN (0x4)
                0x0006e558                PROVIDE (_alt_partition_memory_1_end, ABSOLUTE (.))
                0x0006e558                PROVIDE (_alt_partition_memory_1_load_addr, LOADADDR (.memory_1))
                0x00012158                PROVIDE (_end, __bss_end)
                0x00012158                _end = __bss_end
                0x00012158                PROVIDE (end, __bss_end)
                0x00012158                end = __bss_end
                0x0006e558                PROVIDE (__alt_stack_base, ABSOLUTE (.))
                0x0006e558                __alt_stack_base = ABSOLUTE (.)

.stab
 *(.stab)

.stabstr
 *(.stabstr)

.stab.excl
 *(.stab.excl)

.stab.exclstr
 *(.stab.exclstr)

.stab.index
 *(.stab.index)

.stab.indexstr
 *(.stab.indexstr)

.comment        0x00000000       0x23
 *(.comment)
 .comment       0x00000000       0x23 obj/default/FIFO_1.o
                                 0x24 (size before relaxing)
 .comment       0x00000000       0x24 obj/default/consumer.o
 .comment       0x00000000       0x24 c:/altera/13.1/nios2eds/bin/gnu/h-i686-mingw32/bin/../lib/gcc/nios2-elf/4.7.3/mno-hw-mul\libgcc.a(_mul_df.o)
 .comment       0x00000000       0x24 c:/altera/13.1/nios2eds/bin/gnu/h-i686-mingw32/bin/../lib/gcc/nios2-elf/4.7.3/mno-hw-mul\libgcc.a(_div_df.o)
 .comment       0x00000000       0x24 c:/altera/13.1/nios2eds/bin/gnu/h-i686-mingw32/bin/../lib/gcc/nios2-elf/4.7.3/mno-hw-mul\libgcc.a(_thenan_df.o)
 .comment       0x00000000       0x24 c:/altera/13.1/nios2eds/bin/gnu/h-i686-mingw32/bin/../lib/gcc/nios2-elf/4.7.3/mno-hw-mul\libgcc.a(_usi_to_df.o)
 .comment       0x00000000       0x24 c:/altera/13.1/nios2eds/bin/gnu/h-i686-mingw32/bin/../lib/gcc/nios2-elf/4.7.3/mno-hw-mul\libgcc.a(_muldi3.o)
 .comment       0x00000000       0x24 c:/altera/13.1/nios2eds/bin/gnu/h-i686-mingw32/bin/../lib/gcc/nios2-elf/4.7.3/mno-hw-mul\libgcc.a(_clzsi2.o)
 .comment       0x00000000       0x24 c:/altera/13.1/nios2eds/bin/gnu/h-i686-mingw32/bin/../lib/gcc/nios2-elf/4.7.3/mno-hw-mul\libgcc.a(_pack_df.o)
 .comment       0x00000000       0x24 c:/altera/13.1/nios2eds/bin/gnu/h-i686-mingw32/bin/../lib/gcc/nios2-elf/4.7.3/mno-hw-mul\libgcc.a(_unpack_df.o)
 .comment       0x00000000       0x24 c:/altera/13.1/nios2eds/bin/gnu/h-i686-mingw32/bin/../lib/gcc/nios2-elf/4.7.3/mno-hw-mul\libgcc.a(lib2-mul.o)
 .comment       0x00000000       0x24 c:/altera/13.1/nios2eds/bin/gnu/h-i686-mingw32/bin/../lib/gcc/nios2-elf/4.7.3/mno-hw-mul\libgcc.a(_lshrdi3.o)
 .comment       0x00000000       0x24 c:/altera/13.1/nios2eds/bin/gnu/h-i686-mingw32/bin/../lib/gcc/nios2-elf/4.7.3/mno-hw-mul\libgcc.a(_ashldi3.o)
 .comment       0x00000000       0x24 c:/altera/13.1/nios2eds/bin/gnu/h-i686-mingw32/bin/../lib/gcc/nios2-elf/4.7.3/mno-hw-mul\libgcc.a(_clz.o)
 .comment       0x00000000       0x24 c:/altera/13.1/nios2eds/bin/gnu/h-i686-mingw32/bin/../lib/gcc/nios2-elf/4.7.3/../../../../../H-i686-mingw32/nios2-elf/lib/mno-hw-mul\libc.a(lib_a-exit.o)
 .comment       0x00000000       0x24 c:/altera/13.1/nios2eds/bin/gnu/h-i686-mingw32/bin/../lib/gcc/nios2-elf/4.7.3/../../../../../H-i686-mingw32/nios2-elf/lib/mno-hw-mul\libc.a(lib_a-impure.o)
 .comment       0x00000000       0x24 c:/altera/13.1/nios2eds/bin/gnu/h-i686-mingw32/bin/../lib/gcc/nios2-elf/4.7.3/../../../../../H-i686-mingw32/nios2-elf/lib/mno-hw-mul\libc.a(lib_a-printf.o)
 .comment       0x00000000       0x24 c:/altera/13.1/nios2eds/bin/gnu/h-i686-mingw32/bin/../lib/gcc/nios2-elf/4.7.3/../../../../../H-i686-mingw32/nios2-elf/lib/mno-hw-mul\libc.a(lib_a-puts.o)
 .comment       0x00000000       0x24 c:/altera/13.1/nios2eds/bin/gnu/h-i686-mingw32/bin/../lib/gcc/nios2-elf/4.7.3/../../../../../H-i686-mingw32/nios2-elf/lib/mno-hw-mul\libc.a(lib_a-strlen.o)
 .comment       0x00000000       0x24 c:/altera/13.1/nios2eds/bin/gnu/h-i686-mingw32/bin/../lib/gcc/nios2-elf/4.7.3/../../../../../H-i686-mingw32/nios2-elf/lib/mno-hw-mul\libc.a(lib_a-vfprintf.o)
 .comment       0x00000000       0x24 c:/altera/13.1/nios2eds/bin/gnu/h-i686-mingw32/bin/../lib/gcc/nios2-elf/4.7.3/../../../../../H-i686-mingw32/nios2-elf/lib/mno-hw-mul\libc.a(lib_a-wsetup.o)
 .comment       0x00000000       0x24 c:/altera/13.1/nios2eds/bin/gnu/h-i686-mingw32/bin/../lib/gcc/nios2-elf/4.7.3/../../../../../H-i686-mingw32/nios2-elf/lib/mno-hw-mul\libc.a(lib_a-__call_atexit.o)
 .comment       0x00000000       0x24 c:/altera/13.1/nios2eds/bin/gnu/h-i686-mingw32/bin/../lib/gcc/nios2-elf/4.7.3/../../../../../H-i686-mingw32/nios2-elf/lib/mno-hw-mul\libc.a(lib_a-dtoa.o)
 .comment       0x00000000       0x24 c:/altera/13.1/nios2eds/bin/gnu/h-i686-mingw32/bin/../lib/gcc/nios2-elf/4.7.3/../../../../../H-i686-mingw32/nios2-elf/lib/mno-hw-mul\libc.a(lib_a-fflush.o)
 .comment       0x00000000       0x24 c:/altera/13.1/nios2eds/bin/gnu/h-i686-mingw32/bin/../lib/gcc/nios2-elf/4.7.3/../../../../../H-i686-mingw32/nios2-elf/lib/mno-hw-mul\libc.a(lib_a-findfp.o)
 .comment       0x00000000       0x24 c:/altera/13.1/nios2eds/bin/gnu/h-i686-mingw32/bin/../lib/gcc/nios2-elf/4.7.3/../../../../../H-i686-mingw32/nios2-elf/lib/mno-hw-mul\libc.a(lib_a-freer.o)
 .comment       0x00000000       0x24 c:/altera/13.1/nios2eds/bin/gnu/h-i686-mingw32/bin/../lib/gcc/nios2-elf/4.7.3/../../../../../H-i686-mingw32/nios2-elf/lib/mno-hw-mul\libc.a(lib_a-fvwrite.o)
 .comment       0x00000000       0x24 c:/altera/13.1/nios2eds/bin/gnu/h-i686-mingw32/bin/../lib/gcc/nios2-elf/4.7.3/../../../../../H-i686-mingw32/nios2-elf/lib/mno-hw-mul\libc.a(lib_a-fwalk.o)
 .comment       0x00000000       0x24 c:/altera/13.1/nios2eds/bin/gnu/h-i686-mingw32/bin/../lib/gcc/nios2-elf/4.7.3/../../../../../H-i686-mingw32/nios2-elf/lib/mno-hw-mul\libc.a(lib_a-locale.o)
 .comment       0x00000000       0x24 c:/altera/13.1/nios2eds/bin/gnu/h-i686-mingw32/bin/../lib/gcc/nios2-elf/4.7.3/../../../../../H-i686-mingw32/nios2-elf/lib/mno-hw-mul\libc.a(lib_a-makebuf.o)
 .comment       0x00000000       0x24 c:/altera/13.1/nios2eds/bin/gnu/h-i686-mingw32/bin/../lib/gcc/nios2-elf/4.7.3/../../../../../H-i686-mingw32/nios2-elf/lib/mno-hw-mul\libc.a(lib_a-mallocr.o)
 .comment       0x00000000       0x24 c:/altera/13.1/nios2eds/bin/gnu/h-i686-mingw32/bin/../lib/gcc/nios2-elf/4.7.3/../../../../../H-i686-mingw32/nios2-elf/lib/mno-hw-mul\libc.a(lib_a-memchr.o)
 .comment       0x00000000       0x24 c:/altera/13.1/nios2eds/bin/gnu/h-i686-mingw32/bin/../lib/gcc/nios2-elf/4.7.3/../../../../../H-i686-mingw32/nios2-elf/lib/mno-hw-mul\libc.a(lib_a-memcpy.o)
 .comment       0x00000000       0x24 c:/altera/13.1/nios2eds/bin/gnu/h-i686-mingw32/bin/../lib/gcc/nios2-elf/4.7.3/../../../../../H-i686-mingw32/nios2-elf/lib/mno-hw-mul\libc.a(lib_a-memmove.o)
 .comment       0x00000000       0x24 c:/altera/13.1/nios2eds/bin/gnu/h-i686-mingw32/bin/../lib/gcc/nios2-elf/4.7.3/../../../../../H-i686-mingw32/nios2-elf/lib/mno-hw-mul\libc.a(lib_a-memset.o)
 .comment       0x00000000       0x24 c:/altera/13.1/nios2eds/bin/gnu/h-i686-mingw32/bin/../lib/gcc/nios2-elf/4.7.3/../../../../../H-i686-mingw32/nios2-elf/lib/mno-hw-mul\libc.a(lib_a-mprec.o)
 .comment       0x00000000       0x24 c:/altera/13.1/nios2eds/bin/gnu/h-i686-mingw32/bin/../lib/gcc/nios2-elf/4.7.3/../../../../../H-i686-mingw32/nios2-elf/lib/mno-hw-mul\libc.a(lib_a-reallocr.o)
 .comment       0x00000000       0x24 c:/altera/13.1/nios2eds/bin/gnu/h-i686-mingw32/bin/../lib/gcc/nios2-elf/4.7.3/../../../../../H-i686-mingw32/nios2-elf/lib/mno-hw-mul\libc.a(lib_a-s_isinfd.o)
 .comment       0x00000000       0x24 c:/altera/13.1/nios2eds/bin/gnu/h-i686-mingw32/bin/../lib/gcc/nios2-elf/4.7.3/../../../../../H-i686-mingw32/nios2-elf/lib/mno-hw-mul\libc.a(lib_a-s_isnand.o)
 .comment       0x00000000       0x24 c:/altera/13.1/nios2eds/bin/gnu/h-i686-mingw32/bin/../lib/gcc/nios2-elf/4.7.3/../../../../../H-i686-mingw32/nios2-elf/lib/mno-hw-mul\libc.a(lib_a-sbrkr.o)
 .comment       0x00000000       0x24 c:/altera/13.1/nios2eds/bin/gnu/h-i686-mingw32/bin/../lib/gcc/nios2-elf/4.7.3/../../../../../H-i686-mingw32/nios2-elf/lib/mno-hw-mul\libc.a(lib_a-stdio.o)
 .comment       0x00000000       0x24 c:/altera/13.1/nios2eds/bin/gnu/h-i686-mingw32/bin/../lib/gcc/nios2-elf/4.7.3/../../../../../H-i686-mingw32/nios2-elf/lib/mno-hw-mul\libc.a(lib_a-strcmp.o)
 .comment       0x00000000       0x24 c:/altera/13.1/nios2eds/bin/gnu/h-i686-mingw32/bin/../lib/gcc/nios2-elf/4.7.3/../../../../../H-i686-mingw32/nios2-elf/lib/mno-hw-mul\libc.a(lib_a-writer.o)
 .comment       0x00000000       0x24 c:/altera/13.1/nios2eds/bin/gnu/h-i686-mingw32/bin/../lib/gcc/nios2-elf/4.7.3/../../../../../H-i686-mingw32/nios2-elf/lib/mno-hw-mul\libc.a(lib_a-callocr.o)
 .comment       0x00000000       0x24 c:/altera/13.1/nios2eds/bin/gnu/h-i686-mingw32/bin/../lib/gcc/nios2-elf/4.7.3/../../../../../H-i686-mingw32/nios2-elf/lib/mno-hw-mul\libc.a(lib_a-closer.o)
 .comment       0x00000000       0x24 c:/altera/13.1/nios2eds/bin/gnu/h-i686-mingw32/bin/../lib/gcc/nios2-elf/4.7.3/../../../../../H-i686-mingw32/nios2-elf/lib/mno-hw-mul\libc.a(lib_a-fclose.o)
 .comment       0x00000000       0x24 c:/altera/13.1/nios2eds/bin/gnu/h-i686-mingw32/bin/../lib/gcc/nios2-elf/4.7.3/../../../../../H-i686-mingw32/nios2-elf/lib/mno-hw-mul\libc.a(lib_a-fstatr.o)
 .comment       0x00000000       0x24 c:/altera/13.1/nios2eds/bin/gnu/h-i686-mingw32/bin/../lib/gcc/nios2-elf/4.7.3/../../../../../H-i686-mingw32/nios2-elf/lib/mno-hw-mul\libc.a(lib_a-int_errno.o)
 .comment       0x00000000       0x24 c:/altera/13.1/nios2eds/bin/gnu/h-i686-mingw32/bin/../lib/gcc/nios2-elf/4.7.3/../../../../../H-i686-mingw32/nios2-elf/lib/mno-hw-mul\libc.a(lib_a-isattyr.o)
 .comment       0x00000000       0x24 c:/altera/13.1/nios2eds/bin/gnu/h-i686-mingw32/bin/../lib/gcc/nios2-elf/4.7.3/../../../../../H-i686-mingw32/nios2-elf/lib/mno-hw-mul\libc.a(lib_a-lseekr.o)
 .comment       0x00000000       0x24 c:/altera/13.1/nios2eds/bin/gnu/h-i686-mingw32/bin/../lib/gcc/nios2-elf/4.7.3/../../../../../H-i686-mingw32/nios2-elf/lib/mno-hw-mul\libc.a(lib_a-readr.o)
 .comment       0x00000000       0x24 c:/altera/13.1/nios2eds/bin/gnu/h-i686-mingw32/bin/../lib/gcc/nios2-elf/4.7.3/mno-hw-mul\libgcc.a(_udivdi3.o)
 .comment       0x00000000       0x24 c:/altera/13.1/nios2eds/bin/gnu/h-i686-mingw32/bin/../lib/gcc/nios2-elf/4.7.3/mno-hw-mul\libgcc.a(_umoddi3.o)
 .comment       0x00000000       0x24 c:/altera/13.1/nios2eds/bin/gnu/h-i686-mingw32/bin/../lib/gcc/nios2-elf/4.7.3/mno-hw-mul\libgcc.a(_addsub_df.o)
 .comment       0x00000000       0x24 c:/altera/13.1/nios2eds/bin/gnu/h-i686-mingw32/bin/../lib/gcc/nios2-elf/4.7.3/mno-hw-mul\libgcc.a(_eq_df.o)
 .comment       0x00000000       0x24 c:/altera/13.1/nios2eds/bin/gnu/h-i686-mingw32/bin/../lib/gcc/nios2-elf/4.7.3/mno-hw-mul\libgcc.a(_ne_df.o)
 .comment       0x00000000       0x24 c:/altera/13.1/nios2eds/bin/gnu/h-i686-mingw32/bin/../lib/gcc/nios2-elf/4.7.3/mno-hw-mul\libgcc.a(_gt_df.o)
 .comment       0x00000000       0x24 c:/altera/13.1/nios2eds/bin/gnu/h-i686-mingw32/bin/../lib/gcc/nios2-elf/4.7.3/mno-hw-mul\libgcc.a(_ge_df.o)
 .comment       0x00000000       0x24 c:/altera/13.1/nios2eds/bin/gnu/h-i686-mingw32/bin/../lib/gcc/nios2-elf/4.7.3/mno-hw-mul\libgcc.a(_lt_df.o)
 .comment       0x00000000       0x24 c:/altera/13.1/nios2eds/bin/gnu/h-i686-mingw32/bin/../lib/gcc/nios2-elf/4.7.3/mno-hw-mul\libgcc.a(_si_to_df.o)
 .comment       0x00000000       0x24 c:/altera/13.1/nios2eds/bin/gnu/h-i686-mingw32/bin/../lib/gcc/nios2-elf/4.7.3/mno-hw-mul\libgcc.a(_df_to_si.o)
 .comment       0x00000000       0x24 c:/altera/13.1/nios2eds/bin/gnu/h-i686-mingw32/bin/../lib/gcc/nios2-elf/4.7.3/mno-hw-mul\libgcc.a(lib2-divmod.o)
 .comment       0x00000000       0x24 c:/altera/13.1/nios2eds/bin/gnu/h-i686-mingw32/bin/../lib/gcc/nios2-elf/4.7.3/mno-hw-mul\libgcc.a(_fpcmp_parts_df.o)
 .comment       0x00000000       0x24 ../Consumer_bsp/\libhal_bsp.a(alt_close.o)
 .comment       0x00000000       0x24 ../Consumer_bsp/\libhal_bsp.a(alt_dev.o)
 .comment       0x00000000       0x24 ../Consumer_bsp/\libhal_bsp.a(alt_errno.o)
 .comment       0x00000000       0x24 ../Consumer_bsp/\libhal_bsp.a(alt_exit.o)
 .comment       0x00000000       0x24 ../Consumer_bsp/\libhal_bsp.a(alt_fstat.o)
 .comment       0x00000000       0x24 ../Consumer_bsp/\libhal_bsp.a(alt_isatty.o)
 .comment       0x00000000       0x24 ../Consumer_bsp/\libhal_bsp.a(alt_load.o)
 .comment       0x00000000       0x24 ../Consumer_bsp/\libhal_bsp.a(alt_lseek.o)
 .comment       0x00000000       0x24 ../Consumer_bsp/\libhal_bsp.a(alt_main.o)
 .comment       0x00000000       0x24 ../Consumer_bsp/\libhal_bsp.a(alt_malloc_lock.o)
 .comment       0x00000000       0x24 ../Consumer_bsp/\libhal_bsp.a(alt_read.o)
 .comment       0x00000000       0x24 ../Consumer_bsp/\libhal_bsp.a(alt_release_fd.o)
 .comment       0x00000000       0x24 ../Consumer_bsp/\libhal_bsp.a(alt_sbrk.o)
 .comment       0x00000000       0x24 ../Consumer_bsp/\libhal_bsp.a(alt_write.o)
 .comment       0x00000000       0x24 ../Consumer_bsp/\libhal_bsp.a(alt_sys_init.o)
 .comment       0x00000000       0x24 ../Consumer_bsp/\libhal_bsp.a(altera_avalon_jtag_uart_fd.o)
 .comment       0x00000000       0x24 ../Consumer_bsp/\libhal_bsp.a(altera_avalon_jtag_uart_init.o)
 .comment       0x00000000       0x24 ../Consumer_bsp/\libhal_bsp.a(altera_avalon_jtag_uart_ioctl.o)
 .comment       0x00000000       0x24 ../Consumer_bsp/\libhal_bsp.a(altera_avalon_jtag_uart_read.o)
 .comment       0x00000000       0x24 ../Consumer_bsp/\libhal_bsp.a(altera_avalon_jtag_uart_write.o)
 .comment       0x00000000       0x24 ../Consumer_bsp/\libhal_bsp.a(altera_avalon_timer_sc.o)
 .comment       0x00000000       0x24 ../Consumer_bsp/\libhal_bsp.a(altera_avalon_timer_ts.o)
 .comment       0x00000000       0x24 ../Consumer_bsp/\libhal_bsp.a(altera_avalon_timer_vars.o)
 .comment       0x00000000       0x24 ../Consumer_bsp/\libhal_bsp.a(alt_alarm_start.o)
 .comment       0x00000000       0x24 ../Consumer_bsp/\libhal_bsp.a(alt_dcache_flush_all.o)
 .comment       0x00000000       0x24 ../Consumer_bsp/\libhal_bsp.a(alt_dev_llist_insert.o)
 .comment       0x00000000       0x24 ../Consumer_bsp/\libhal_bsp.a(alt_do_ctors.o)
 .comment       0x00000000       0x24 ../Consumer_bsp/\libhal_bsp.a(alt_do_dtors.o)
 .comment       0x00000000       0x24 ../Consumer_bsp/\libhal_bsp.a(alt_icache_flush_all.o)
 .comment       0x00000000       0x24 ../Consumer_bsp/\libhal_bsp.a(alt_iic.o)
 .comment       0x00000000       0x24 ../Consumer_bsp/\libhal_bsp.a(alt_iic_isr_register.o)
 .comment       0x00000000       0x24 ../Consumer_bsp/\libhal_bsp.a(alt_io_redirect.o)
 .comment       0x00000000       0x24 ../Consumer_bsp/\libhal_bsp.a(alt_irq_handler.o)
 .comment       0x00000000       0x24 ../Consumer_bsp/\libhal_bsp.a(alt_irq_vars.o)
 .comment       0x00000000       0x24 ../Consumer_bsp/\libhal_bsp.a(alt_open.o)
 .comment       0x00000000       0x24 ../Consumer_bsp/\libhal_bsp.a(alt_tick.o)
 .comment       0x00000000       0x24 ../Consumer_bsp/\libhal_bsp.a(altera_nios2_qsys_irq.o)
 .comment       0x00000000       0x24 ../Consumer_bsp/\libhal_bsp.a(alt_find_dev.o)
 .comment       0x00000000       0x24 ../Consumer_bsp/\libhal_bsp.a(alt_find_file.o)
 .comment       0x00000000       0x24 ../Consumer_bsp/\libhal_bsp.a(alt_get_fd.o)
 .comment       0x00000000       0x24 c:/altera/13.1/nios2eds/bin/gnu/h-i686-mingw32/bin/../lib/gcc/nios2-elf/4.7.3/../../../../../H-i686-mingw32/nios2-elf/lib/mno-hw-mul\libc.a(lib_a-atexit.o)
 .comment       0x00000000       0x24 c:/altera/13.1/nios2eds/bin/gnu/h-i686-mingw32/bin/../lib/gcc/nios2-elf/4.7.3/../../../../../H-i686-mingw32/nios2-elf/lib/mno-hw-mul\libc.a(lib_a-memcmp.o)
 .comment       0x00000000       0x24 c:/altera/13.1/nios2eds/bin/gnu/h-i686-mingw32/bin/../lib/gcc/nios2-elf/4.7.3/../../../../../H-i686-mingw32/nios2-elf/lib/mno-hw-mul\libc.a(lib_a-__atexit.o)

.debug
 *(.debug)

.line
 *(.line)

.debug_srcinfo
 *(.debug_srcinfo)

.debug_sfnames
 *(.debug_sfnames)

.debug_aranges  0x00000000      0xd98
 *(.debug_aranges)
 .debug_aranges
                0x00000000       0x28 ../Consumer_bsp//obj/HAL/src/crt0.o
 .debug_aranges
                0x00000028       0x20 obj/default/FIFO_1.o
 .debug_aranges
                0x00000048       0x20 obj/default/consumer.o
 .debug_aranges
                0x00000068       0x20 c:/altera/13.1/nios2eds/bin/gnu/h-i686-mingw32/bin/../lib/gcc/nios2-elf/4.7.3/mno-hw-mul\libgcc.a(_mul_df.o)
 .debug_aranges
                0x00000088       0x20 c:/altera/13.1/nios2eds/bin/gnu/h-i686-mingw32/bin/../lib/gcc/nios2-elf/4.7.3/mno-hw-mul\libgcc.a(_div_df.o)
 .debug_aranges
                0x000000a8       0x18 c:/altera/13.1/nios2eds/bin/gnu/h-i686-mingw32/bin/../lib/gcc/nios2-elf/4.7.3/mno-hw-mul\libgcc.a(_thenan_df.o)
 .debug_aranges
                0x000000c0       0x20 c:/altera/13.1/nios2eds/bin/gnu/h-i686-mingw32/bin/../lib/gcc/nios2-elf/4.7.3/mno-hw-mul\libgcc.a(_usi_to_df.o)
 .debug_aranges
                0x000000e0       0x20 c:/altera/13.1/nios2eds/bin/gnu/h-i686-mingw32/bin/../lib/gcc/nios2-elf/4.7.3/mno-hw-mul\libgcc.a(_muldi3.o)
 .debug_aranges
                0x00000100       0x20 c:/altera/13.1/nios2eds/bin/gnu/h-i686-mingw32/bin/../lib/gcc/nios2-elf/4.7.3/mno-hw-mul\libgcc.a(_clzsi2.o)
 .debug_aranges
                0x00000120       0x20 c:/altera/13.1/nios2eds/bin/gnu/h-i686-mingw32/bin/../lib/gcc/nios2-elf/4.7.3/mno-hw-mul\libgcc.a(_pack_df.o)
 .debug_aranges
                0x00000140       0x20 c:/altera/13.1/nios2eds/bin/gnu/h-i686-mingw32/bin/../lib/gcc/nios2-elf/4.7.3/mno-hw-mul\libgcc.a(_unpack_df.o)
 .debug_aranges
                0x00000160       0x20 c:/altera/13.1/nios2eds/bin/gnu/h-i686-mingw32/bin/../lib/gcc/nios2-elf/4.7.3/mno-hw-mul\libgcc.a(lib2-mul.o)
 .debug_aranges
                0x00000180       0x20 c:/altera/13.1/nios2eds/bin/gnu/h-i686-mingw32/bin/../lib/gcc/nios2-elf/4.7.3/mno-hw-mul\libgcc.a(_lshrdi3.o)
 .debug_aranges
                0x000001a0       0x20 c:/altera/13.1/nios2eds/bin/gnu/h-i686-mingw32/bin/../lib/gcc/nios2-elf/4.7.3/mno-hw-mul\libgcc.a(_ashldi3.o)
 .debug_aranges
                0x000001c0       0x18 c:/altera/13.1/nios2eds/bin/gnu/h-i686-mingw32/bin/../lib/gcc/nios2-elf/4.7.3/mno-hw-mul\libgcc.a(_clz.o)
 .debug_aranges
                0x000001d8       0x20 c:/altera/13.1/nios2eds/bin/gnu/h-i686-mingw32/bin/../lib/gcc/nios2-elf/4.7.3/../../../../../H-i686-mingw32/nios2-elf/lib/mno-hw-mul\libc.a(lib_a-exit.o)
 .debug_aranges
                0x000001f8       0x18 c:/altera/13.1/nios2eds/bin/gnu/h-i686-mingw32/bin/../lib/gcc/nios2-elf/4.7.3/../../../../../H-i686-mingw32/nios2-elf/lib/mno-hw-mul\libc.a(lib_a-impure.o)
 .debug_aranges
                0x00000210       0x20 c:/altera/13.1/nios2eds/bin/gnu/h-i686-mingw32/bin/../lib/gcc/nios2-elf/4.7.3/../../../../../H-i686-mingw32/nios2-elf/lib/mno-hw-mul\libc.a(lib_a-printf.o)
 .debug_aranges
                0x00000230       0x20 c:/altera/13.1/nios2eds/bin/gnu/h-i686-mingw32/bin/../lib/gcc/nios2-elf/4.7.3/../../../../../H-i686-mingw32/nios2-elf/lib/mno-hw-mul\libc.a(lib_a-puts.o)
 .debug_aranges
                0x00000250       0x20 c:/altera/13.1/nios2eds/bin/gnu/h-i686-mingw32/bin/../lib/gcc/nios2-elf/4.7.3/../../../../../H-i686-mingw32/nios2-elf/lib/mno-hw-mul\libc.a(lib_a-strlen.o)
 .debug_aranges
                0x00000270       0x20 c:/altera/13.1/nios2eds/bin/gnu/h-i686-mingw32/bin/../lib/gcc/nios2-elf/4.7.3/../../../../../H-i686-mingw32/nios2-elf/lib/mno-hw-mul\libc.a(lib_a-vfprintf.o)
 .debug_aranges
                0x00000290       0x20 c:/altera/13.1/nios2eds/bin/gnu/h-i686-mingw32/bin/../lib/gcc/nios2-elf/4.7.3/../../../../../H-i686-mingw32/nios2-elf/lib/mno-hw-mul\libc.a(lib_a-wsetup.o)
 .debug_aranges
                0x000002b0       0x20 c:/altera/13.1/nios2eds/bin/gnu/h-i686-mingw32/bin/../lib/gcc/nios2-elf/4.7.3/../../../../../H-i686-mingw32/nios2-elf/lib/mno-hw-mul\libc.a(lib_a-__call_atexit.o)
 .debug_aranges
                0x000002d0       0x20 c:/altera/13.1/nios2eds/bin/gnu/h-i686-mingw32/bin/../lib/gcc/nios2-elf/4.7.3/../../../../../H-i686-mingw32/nios2-elf/lib/mno-hw-mul\libc.a(lib_a-dtoa.o)
 .debug_aranges
                0x000002f0       0x20 c:/altera/13.1/nios2eds/bin/gnu/h-i686-mingw32/bin/../lib/gcc/nios2-elf/4.7.3/../../../../../H-i686-mingw32/nios2-elf/lib/mno-hw-mul\libc.a(lib_a-fflush.o)
 .debug_aranges
                0x00000310       0x20 c:/altera/13.1/nios2eds/bin/gnu/h-i686-mingw32/bin/../lib/gcc/nios2-elf/4.7.3/../../../../../H-i686-mingw32/nios2-elf/lib/mno-hw-mul\libc.a(lib_a-findfp.o)
 .debug_aranges
                0x00000330       0x20 c:/altera/13.1/nios2eds/bin/gnu/h-i686-mingw32/bin/../lib/gcc/nios2-elf/4.7.3/../../../../../H-i686-mingw32/nios2-elf/lib/mno-hw-mul\libc.a(lib_a-freer.o)
 .debug_aranges
                0x00000350       0x20 c:/altera/13.1/nios2eds/bin/gnu/h-i686-mingw32/bin/../lib/gcc/nios2-elf/4.7.3/../../../../../H-i686-mingw32/nios2-elf/lib/mno-hw-mul\libc.a(lib_a-fvwrite.o)
 .debug_aranges
                0x00000370       0x20 c:/altera/13.1/nios2eds/bin/gnu/h-i686-mingw32/bin/../lib/gcc/nios2-elf/4.7.3/../../../../../H-i686-mingw32/nios2-elf/lib/mno-hw-mul\libc.a(lib_a-fwalk.o)
 .debug_aranges
                0x00000390       0x20 c:/altera/13.1/nios2eds/bin/gnu/h-i686-mingw32/bin/../lib/gcc/nios2-elf/4.7.3/../../../../../H-i686-mingw32/nios2-elf/lib/mno-hw-mul\libc.a(lib_a-locale.o)
 .debug_aranges
                0x000003b0       0x20 c:/altera/13.1/nios2eds/bin/gnu/h-i686-mingw32/bin/../lib/gcc/nios2-elf/4.7.3/../../../../../H-i686-mingw32/nios2-elf/lib/mno-hw-mul\libc.a(lib_a-makebuf.o)
 .debug_aranges
                0x000003d0       0x20 c:/altera/13.1/nios2eds/bin/gnu/h-i686-mingw32/bin/../lib/gcc/nios2-elf/4.7.3/../../../../../H-i686-mingw32/nios2-elf/lib/mno-hw-mul\libc.a(lib_a-mallocr.o)
 .debug_aranges
                0x000003f0       0x20 c:/altera/13.1/nios2eds/bin/gnu/h-i686-mingw32/bin/../lib/gcc/nios2-elf/4.7.3/../../../../../H-i686-mingw32/nios2-elf/lib/mno-hw-mul\libc.a(lib_a-memchr.o)
 .debug_aranges
                0x00000410       0x20 c:/altera/13.1/nios2eds/bin/gnu/h-i686-mingw32/bin/../lib/gcc/nios2-elf/4.7.3/../../../../../H-i686-mingw32/nios2-elf/lib/mno-hw-mul\libc.a(lib_a-memcpy.o)
 .debug_aranges
                0x00000430       0x20 c:/altera/13.1/nios2eds/bin/gnu/h-i686-mingw32/bin/../lib/gcc/nios2-elf/4.7.3/../../../../../H-i686-mingw32/nios2-elf/lib/mno-hw-mul\libc.a(lib_a-memmove.o)
 .debug_aranges
                0x00000450       0x20 c:/altera/13.1/nios2eds/bin/gnu/h-i686-mingw32/bin/../lib/gcc/nios2-elf/4.7.3/../../../../../H-i686-mingw32/nios2-elf/lib/mno-hw-mul\libc.a(lib_a-memset.o)
 .debug_aranges
                0x00000470       0x20 c:/altera/13.1/nios2eds/bin/gnu/h-i686-mingw32/bin/../lib/gcc/nios2-elf/4.7.3/../../../../../H-i686-mingw32/nios2-elf/lib/mno-hw-mul\libc.a(lib_a-mprec.o)
 .debug_aranges
                0x00000490       0x20 c:/altera/13.1/nios2eds/bin/gnu/h-i686-mingw32/bin/../lib/gcc/nios2-elf/4.7.3/../../../../../H-i686-mingw32/nios2-elf/lib/mno-hw-mul\libc.a(lib_a-reallocr.o)
 .debug_aranges
                0x000004b0       0x20 c:/altera/13.1/nios2eds/bin/gnu/h-i686-mingw32/bin/../lib/gcc/nios2-elf/4.7.3/../../../../../H-i686-mingw32/nios2-elf/lib/mno-hw-mul\libc.a(lib_a-s_isinfd.o)
 .debug_aranges
                0x000004d0       0x20 c:/altera/13.1/nios2eds/bin/gnu/h-i686-mingw32/bin/../lib/gcc/nios2-elf/4.7.3/../../../../../H-i686-mingw32/nios2-elf/lib/mno-hw-mul\libc.a(lib_a-s_isnand.o)
 .debug_aranges
                0x000004f0       0x20 c:/altera/13.1/nios2eds/bin/gnu/h-i686-mingw32/bin/../lib/gcc/nios2-elf/4.7.3/../../../../../H-i686-mingw32/nios2-elf/lib/mno-hw-mul\libc.a(lib_a-sbrkr.o)
 .debug_aranges